Archive member included to satisfy reference by file (symbol)

/Users/nliang/esp/wheel/build/cxx/libcxx.a(cxx_exception_stubs.o)
                              (__cxx_fatal_exception)
/Users/nliang/esp/wheel/build/cxx/libcxx.a(cxx_guards.o)
                              (__cxa_guard_dummy)
/Users/nliang/esp/wheel/build/esp32/libesp32.a(cpu_start.o)
                              (call_start_cpu0)
/Users/nliang/esp/wheel/build/esp32/libesp32.a(crosscore_int.o)
                              /Users/nliang/esp/wheel/build/esp32/libesp32.a(cpu_start.o) (esp_crosscore_int_init)
/Users/nliang/esp/wheel/build/esp32/libesp32.a(dbg_stubs.o)
                              /Users/nliang/esp/wheel/build/esp32/libesp32.a(cpu_start.o) (esp_dbg_stubs_init)
/Users/nliang/esp/wheel/build/esp32/libesp32.a(dport_access.o)
                              /Users/nliang/esp/wheel/build/esp32/libesp32.a(cpu_start.o) (esp_dport_access_stall_other_cpu_start)
/Users/nliang/esp/wheel/build/esp32/libesp32.a(esp_timer.o)
                              /Users/nliang/esp/wheel/build/esp32/libesp32.a(cpu_start.o) (esp_timer_init)
/Users/nliang/esp/wheel/build/esp32/libesp32.a(esp_timer_esp32.o)
                              /Users/nliang/esp/wheel/build/esp32/libesp32.a(esp_timer.o) (esp_timer_impl_get_time)
/Users/nliang/esp/wheel/build/esp32/libesp32.a(int_wdt.o)
                              /Users/nliang/esp/wheel/build/esp32/libesp32.a(cpu_start.o) (esp_int_wdt_init)
/Users/nliang/esp/wheel/build/esp32/libesp32.a(intr_alloc.o)
                              /Users/nliang/esp/wheel/build/esp32/libesp32.a(esp_timer_esp32.o) (esp_intr_enable)
/Users/nliang/esp/wheel/build/esp32/libesp32.a(ipc.o)
                              /Users/nliang/esp/wheel/build/esp32/libesp32.a(cpu_start.o) (esp_ipc_init)
/Users/nliang/esp/wheel/build/esp32/libesp32.a(panic.o)
                              /Users/nliang/esp/wheel/build/cxx/libcxx.a(cxx_exception_stubs.o) (abort)
/Users/nliang/esp/wheel/build/esp32/libesp32.a(system_api.o)
                              /Users/nliang/esp/wheel/build/esp32/libesp32.a(panic.o) (esp_restart_noos)
/Users/nliang/esp/wheel/build/esp32/libesp32.a(task_wdt.o)
                              /Users/nliang/esp/wheel/build/esp32/libesp32.a(cpu_start.o) (esp_task_wdt_init)
/Users/nliang/esp/wheel/build/esp32/libesp32.a(dport_panic_highint_hdl.o)
                              (ld_include_panic_highint_hdl)
/Users/nliang/esp/wheel/build/esp32/libesp32.a(brownout.o)
                              /Users/nliang/esp/wheel/build/esp32/libesp32.a(cpu_start.o) (esp_brownout_init)
/Users/nliang/esp/wheel/build/esp32/libesp32.a(cache_err_int.o)
                              /Users/nliang/esp/wheel/build/esp32/libesp32.a(cpu_start.o) (esp_cache_err_int_init)
/Users/nliang/esp/wheel/build/esp32/libesp32.a(clk.o)
                              /Users/nliang/esp/wheel/build/esp32/libesp32.a(cpu_start.o) (esp_clk_init)
/Users/nliang/esp/wheel/build/esp32/libesp32.a(esp_err_to_name.o)
                              /Users/nliang/esp/wheel/build/esp32/libesp32.a(panic.o) (esp_err_to_name)
/Users/nliang/esp/wheel/build/esp32/libesp32.a(freertos_hooks.o)
                              /Users/nliang/esp/wheel/build/esp32/libesp32.a(task_wdt.o) (esp_register_freertos_idle_hook_for_cpu)
/Users/nliang/esp/esp-idf/components/esp32/libhal.a(int_asm--set_intclear.o)
                              /Users/nliang/esp/wheel/build/esp32/libesp32.a(intr_alloc.o) (xthal_set_intclear)
/Users/nliang/esp/wheel/build/freertos/libfreertos.a(FreeRTOS-openocd.o)
                              (uxTopUsedPriority)
/Users/nliang/esp/wheel/build/freertos/libfreertos.a(port.o)
                              /Users/nliang/esp/wheel/build/esp32/libesp32.a(cpu_start.o) (port_xSchedulerRunning)
/Users/nliang/esp/wheel/build/freertos/libfreertos.a(queue.o)
                              /Users/nliang/esp/wheel/build/esp32/libesp32.a(ipc.o) (xQueueGenericCreate)
/Users/nliang/esp/wheel/build/freertos/libfreertos.a(tasks.o)
                              /Users/nliang/esp/wheel/build/esp32/libesp32.a(system_api.o) (vTaskSuspendAll)
/Users/nliang/esp/wheel/build/freertos/libfreertos.a(timers.o)
                              /Users/nliang/esp/wheel/build/freertos/libfreertos.a(tasks.o) (xTimerCreateTimerTask)
/Users/nliang/esp/wheel/build/freertos/libfreertos.a(xtensa_init.o)
                              /Users/nliang/esp/wheel/build/freertos/libfreertos.a(port.o) (_xt_tick_divisor_init)
/Users/nliang/esp/wheel/build/freertos/libfreertos.a(xtensa_intr.o)
                              /Users/nliang/esp/wheel/build/esp32/libesp32.a(intr_alloc.o) (xt_unhandled_interrupt)
/Users/nliang/esp/wheel/build/freertos/libfreertos.a(portasm.o)
                              /Users/nliang/esp/wheel/build/esp32/libesp32.a(crosscore_int.o) (_frxt_setup_switch)
/Users/nliang/esp/wheel/build/freertos/libfreertos.a(xtensa_context.o)
[...]
Memory Configuration

Name             Origin             Length             Attributes
iram0_0_seg      0x0000000040080000 0x0000000000020000 xr
iram0_2_seg      0x00000000400d0018 0x000000000032ffe8 xr
dram0_0_seg      0x000000003ffb0000 0x000000000002c200 rw
drom0_0_seg      0x000000003f400018 0x00000000003fffe8 r
rtc_iram_seg     0x00000000400c0000 0x0000000000002000 xrw
rtc_slow_seg     0x0000000050000000 0x0000000000001000 rw
*default*        0x0000000000000000 0xffffffffffffffff

Linker script and memory map

START GROUP
LOAD /Users/nliang/esp/wheel/build/app_trace/libapp_trace.a
LOAD /Users/nliang/esp/wheel/build/app_update/libapp_update.a
LOAD /Users/nliang/esp/wheel/build/asio/libasio.a
LOAD /Users/nliang/esp/wheel/build/bootloader_support/libbootloader_support.a
LOAD /Users/nliang/esp/wheel/build/bt/libbt.a
LOAD /Users/nliang/esp/wheel/build/coap/libcoap.a
LOAD /Users/nliang/esp/wheel/build/console/libconsole.a
LOAD /Users/nliang/esp/wheel/build/cxx/libcxx.a
LOAD /Users/nliang/esp/wheel/build/driver/libdriver.a
LOAD /Users/nliang/esp/wheel/build/esp-tls/libesp-tls.a
LOAD /Users/nliang/esp/wheel/build/esp32/libesp32.a
LOAD /Users/nliang/esp/esp-idf/components/esp32/libhal.a
LOAD /Users/nliang/esp/esp-idf/components/esp32/lib/libcore.a
LOAD /Users/nliang/esp/esp-idf/components/esp32/lib/librtc.a
LOAD /Users/nliang/esp/esp-idf/components/esp32/lib/libnet80211.a
LOAD /Users/nliang/esp/esp-idf/components/esp32/lib/libpp.a
LOAD /Users/nliang/esp/esp-idf/components/esp32/lib/libwpa.a
LOAD /Users/nliang/esp/esp-idf/components/esp32/lib/libsmartconfig.a
LOAD /Users/nliang/esp/esp-idf/components/esp32/lib/libcoexist.a
LOAD /Users/nliang/esp/esp-idf/components/esp32/lib/libwps.a
LOAD /Users/nliang/esp/esp-idf/components/esp32/lib/libwpa2.a
LOAD /Users/nliang/esp/esp-idf/components/esp32/lib/libespnow.a
LOAD /Users/nliang/esp/esp-idf/components/esp32/lib/libphy.a
LOAD /Users/nliang/esp/esp-idf/components/esp32/lib/libmesh.a
LOAD /Users/nliang/esp/wheel/build/esp_adc_cal/libesp_adc_cal.a
LOAD /Users/nliang/esp/wheel/build/esp_http_client/libesp_http_client.a
LOAD /Users/nliang/esp/wheel/build/esp_https_ota/libesp_https_ota.a
LOAD /Users/nliang/esp/wheel/build/ethernet/libethernet.a
LOAD /Users/nliang/esp/wheel/build/expat/libexpat.a
LOAD /Users/nliang/esp/wheel/build/fatfs/libfatfs.a
LOAD /Users/nliang/esp/wheel/build/freertos/libfreertos.a
LOAD /Users/nliang/esp/wheel/build/heap/libheap.a
LOAD /Users/nliang/esp/wheel/build/http_server/libhttp_server.a
LOAD /Users/nliang/esp/wheel/build/idf_test/libidf_test.a
LOAD /Users/nliang/esp/wheel/build/jsmn/libjsmn.a
LOAD /Users/nliang/esp/wheel/build/json/libjson.a
LOAD /Users/nliang/esp/wheel/build/libsodium/liblibsodium.a
LOAD /Users/nliang/esp/wheel/build/log/liblog.a
LOAD /Users/nliang/esp/wheel/build/lwip/liblwip.a
LOAD /Users/nliang/esp/wheel/build/main/libmain.a
LOAD /Users/nliang/esp/wheel/build/mbedtls/libmbedtls.a
LOAD /Users/nliang/esp/wheel/build/mdns/libmdns.a
LOAD /Users/nliang/esp/wheel/build/micro-ecc/libmicro-ecc.a
LOAD /Users/nliang/esp/esp-idf/components/newlib/lib/libc.a
LOAD /Users/nliang/esp/esp-idf/components/newlib/lib/libm.a
LOAD /Users/nliang/esp/wheel/build/newlib/libnewlib.a
LOAD /Users/nliang/esp/wheel/build/nghttp/libnghttp.a
LOAD /Users/nliang/esp/wheel/build/nvs_flash/libnvs_flash.a
LOAD /Users/nliang/esp/wheel/build/openssl/libopenssl.a
LOAD /Users/nliang/esp/wheel/build/pthread/libpthread.a
LOAD /Users/nliang/esp/wheel/build/sdmmc/libsdmmc.a
LOAD /Users/nliang/esp/wheel/build/smartconfig_ack/libsmartconfig_ack.a
LOAD /Users/nliang/esp/wheel/build/soc/libsoc.a
LOAD /Users/nliang/esp/wheel/build/spi_flash/libspi_flash.a
LOAD /Users/nliang/esp/wheel/build/spiffs/libspiffs.a
LOAD /Users/nliang/esp/wheel/build/tcpip_adapter/libtcpip_adapter.a
LOAD /Users/nliang/esp/wheel/build/ulp/libulp.a
LOAD /Users/nliang/esp/wheel/build/vfs/libvfs.a
LOAD /Users/nliang/esp/wheel/build/wear_levelling/libwear_levelling.a
LOAD /Users/nliang/esp/wheel/build/wpa_supplicant/libwpa_supplicant.a
LOAD /Users/nliang/esp/wheel/build/xtensa-debug-module/libxtensa-debug-module.a
LOAD /Users/nliang/esp/xtensa-esp32-elf/bin/../lib/gcc/xtensa-esp32-elf/5.2.0/libgcc.a
LOAD /Users/nliang/esp/xtensa-esp32-elf/bin/../lib/gcc/xtensa-esp32-elf/5.2.0/../../../../xtensa-esp32-elf/lib/libstdc++.a
LOAD /Users/nliang/esp/xtensa-esp32-elf/bin/../lib/gcc/xtensa-esp32-elf/5.2.0/libgcov.a
END GROUP
                0x0000000040000000                _heap_end = 0x40000000

.rtc.text       0x00000000400c0000        0x0
                0x00000000400c0000                . = ALIGN (0x4)
 *(.rtc.literal .rtc.text)
 *rtc_wake_stub*.o(.literal .text .literal.* .text.*)

.rtc.data       0x0000000050000000        0x0
                0x0000000050000000                _rtc_data_start = ABSOLUTE (.)
 *(.rtc.data)
 *(.rtc.rodata)
 *rtc_wake_stub*.o(.data .rodata .data.* .rodata.* .bss .bss.*)
                0x0000000050000000                _rtc_data_end = ABSOLUTE (.)

.rtc.bss        0x0000000050000000        0x0
                0x0000000050000000                _rtc_bss_start = ABSOLUTE (.)
 *rtc_wake_stub*.o(.bss .bss.*)
 *rtc_wake_stub*.o(COMMON)
 *(.rtc.bss)
                0x0000000050000000                _rtc_bss_end = ABSOLUTE (.)

.rtc_noinit     0x0000000050000000        0x0
                0x0000000050000000                . = ALIGN (0x4)
                0x0000000050000000                _rtc_noinit_start = ABSOLUTE (.)
 *(.rtc_noinit .rtc_noinit.*)
                0x0000000050000000                . = ALIGN (0x4)
                0x0000000050000000                _rtc_noinit_end = ABSOLUTE (.)

.iram0.vectors  0x0000000040080000      0x400
                0x0000000040080000                _iram_start = ABSOLUTE (.)
                0x0000000040080000                _init_start = ABSOLUTE (.)
                0x0000000000000000                . = 0x0
 *(.WindowVectors.text)
 .WindowVectors.text
                0x0000000040080000      0x16a /Users/nliang/esp/wheel/build/freertos/libfreertos.a(xtensa_vectors.o)
                0x0000000040080000                _WindowOverflow4
                0x0000000040080040                _WindowUnderflow4
                0x0000000040080050                _xt_alloca_exc
                0x0000000040080080                _WindowOverflow8
                0x00000000400800c0                _WindowUnderflow8
                0x0000000040080100                _WindowOverflow12
                0x0000000040080140                _WindowUnderflow12
                0x0000000000000180                . = 0x180
 *fill*         0x000000004008016a       0x16 
 *(.Level2InterruptVector.text)
 .Level2InterruptVector.text
                0x0000000040080180        0x6 /Users/nliang/esp/wheel/build/freertos/libfreertos.a(xtensa_vectors.o)
                0x0000000040080180                _Level2Vector
                0x00000000000001c0                . = 0x1c0
 *fill*         0x0000000040080186       0x3a 
 *(.Level3InterruptVector.text)
 .Level3InterruptVector.text
                0x00000000400801c0        0x6 /Users/nliang/esp/wheel/build/freertos/libfreertos.a(xtensa_vectors.o)
                0x00000000400801c0                _Level3Vector
                0x0000000000000200                . = 0x200
 *fill*         0x00000000400801c6       0x3a 
 *(.Level4InterruptVector.text)
 .Level4InterruptVector.text
                0x0000000040080200        0x6 /Users/nliang/esp/wheel/build/freertos/libfreertos.a(xtensa_vectors.o)
                0x0000000040080200                _Level4Vector
                0x0000000000000240                . = 0x240
 *fill*         0x0000000040080206       0x3a 
 *(.Level5InterruptVector.text)
 .Level5InterruptVector.text
                0x0000000040080240        0x6 /Users/nliang/esp/wheel/build/freertos/libfreertos.a(xtensa_vectors.o)
                0x0000000040080240                _Level5Vector
                0x0000000000000280                . = 0x280
 *fill*         0x0000000040080246       0x3a 
 *(.DebugExceptionVector.text)
 .DebugExceptionVector.text
                0x0000000040080280        0x6 /Users/nliang/esp/wheel/build/freertos/libfreertos.a(xtensa_vectors.o)
                0x0000000040080280                _DebugExceptionVector
                0x00000000000002c0                . = 0x2c0
 *fill*         0x0000000040080286       0x3a 
 *(.NMIExceptionVector.text)
 .NMIExceptionVector.text
                0x00000000400802c0        0x6 /Users/nliang/esp/wheel/build/freertos/libfreertos.a(xtensa_vectors.o)
                0x00000000400802c0                _NMIExceptionVector
                0x0000000000000300                . = 0x300
 *fill*         0x00000000400802c6       0x3a 
 *(.KernelExceptionVector.text)
 .KernelExceptionVector.text
                0x0000000040080300        0x6 /Users/nliang/esp/wheel/build/freertos/libfreertos.a(xtensa_vectors.o)
                0x0000000040080300                _KernelExceptionVector
                0x0000000000000340                . = 0x340
 *fill*         0x0000000040080306       0x3a 
 *(.UserExceptionVector.text)
 .UserExceptionVector.text
                0x0000000040080340        0x6 /Users/nliang/esp/wheel/build/freertos/libfreertos.a(xtensa_vectors.o)
                0x0000000040080340                _UserExceptionVector
                0x00000000000003c0                . = 0x3c0
 *fill*         0x0000000040080346       0x7a 
 *(.DoubleExceptionVector.text)
 .DoubleExceptionVector.text
                0x00000000400803c0        0xf /Users/nliang/esp/wheel/build/freertos/libfreertos.a(xtensa_vectors.o)
                0x00000000400803c0                _DoubleExceptionVector
                0x0000000000000400                . = 0x400
 *fill*         0x00000000400803cf       0x31 
 *(.*Vector.literal)
 *(.UserEnter.literal)
 *(.UserEnter.text)
                0x0000000040080400                . = ALIGN (0x10)
 *(.entry.text)
 *(.init.literal)
 *(.init)
                0x0000000040080400                _init_end = ABSOLUTE (.)

.iram0.text     0x0000000040080400     0x8fc4
                0x0000000040080400                _iram_text_start = ABSOLUTE (.)
 *(.iram1 .iram1.*)
 .iram1.literal
                0x0000000040080400       0xa8 /Users/nliang/esp/wheel/build/esp32/libesp32.a(cpu_start.o)
                                        0x1c0 (size before relaxing)
 .iram1.literal
                0x00000000400804a8       0x1c /Users/nliang/esp/wheel/build/esp32/libesp32.a(crosscore_int.o)
                                         0x40 (size before relaxing)
 .iram1.literal
                0x00000000400804c4       0x38 /Users/nliang/esp/wheel/build/esp32/libesp32.a(dport_access.o)
                                         0x88 (size before relaxing)
 .iram1.literal
                0x00000000400804fc       0x28 /Users/nliang/esp/wheel/build/esp32/libesp32.a(esp_timer.o)
                                         0x60 (size before relaxing)
 .iram1.literal
                0x0000000040080524       0x60 /Users/nliang/esp/wheel/build/esp32/libesp32.a(esp_timer_esp32.o)
                                         0xf8 (size before relaxing)
 .iram1.literal
                0x0000000040080584        0xc /Users/nliang/esp/wheel/build/esp32/libesp32.a(int_wdt.o)
 .iram1.literal
                0x0000000040080590       0x20 /Users/nliang/esp/wheel/build/esp32/libesp32.a(intr_alloc.o)
                                         0x7c (size before relaxing)
 .iram1.literal
                0x00000000400805b0       0x20 /Users/nliang/esp/wheel/build/esp32/libesp32.a(ipc.o)
                                         0x34 (size before relaxing)
 .iram1.literal
                0x00000000400805d0       0x50 /Users/nliang/esp/wheel/build/esp32/libesp32.a(system_api.o)
                                         0xd0 (size before relaxing)
 .iram1.literal
                0x0000000040080620       0x10 /Users/nliang/esp/wheel/build/esp32/libesp32.a(dport_panic_highint_hdl.o)
                                         0x28 (size before relaxing)
 .iram1.literal
                0x0000000040080630        0xc /Users/nliang/esp/wheel/build/esp32/libesp32.a(cache_err_int.o)
                                         0x18 (size before relaxing)
 .iram1.literal
                0x000000004008063c        0xc /Users/nliang/esp/wheel/build/esp32/libesp32.a(clk.o)
                                         0x20 (size before relaxing)
 .iram1.literal
                0x0000000040080648        0x4 /Users/nliang/esp/wheel/build/esp32/libesp32.a(freertos_hooks.o)
 .iram1.literal
                0x000000004008064c        0x4 /Users/nliang/esp/wheel/build/freertos/libfreertos.a(port.o)
 .iram1.literal
                0x0000000040080650       0x44 /Users/nliang/esp/wheel/build/freertos/libfreertos.a(xtensa_vectors.o)
                                         0x68 (size before relaxing)
 .iram1.literal
                0x0000000040080694       0x58 /Users/nliang/esp/wheel/build/heap/libheap.a(heap_caps.o)
                                         0xb0 (size before relaxing)
 .iram1.literal
                0x00000000400806ec       0x24 /Users/nliang/esp/wheel/build/log/liblog.a(log.o)
                                         0x48 (size before relaxing)
 .iram1.literal
                0x0000000040080710        0x8 /Users/nliang/esp/wheel/build/main/libmain.a(adc1_example_main.o)
                                         0x14 (size before relaxing)
 .iram1.literal
                0x0000000040080718       0x14 /Users/nliang/esp/wheel/build/newlib/libnewlib.a(locks.o)
                                         0x90 (size before relaxing)
 .iram1.literal
                0x000000004008072c        0x8 /Users/nliang/esp/wheel/build/newlib/libnewlib.a(reent_init.o)
                                         0x10 (size before relaxing)
 .iram1.literal
                0x0000000040080734        0x4 /Users/nliang/esp/wheel/build/newlib/libnewlib.a(syscalls.o)
                                         0x14 (size before relaxing)
 .iram1.literal
                0x0000000040080738        0x4 /Users/nliang/esp/wheel/build/newlib/libnewlib.a(time.o)
                                         0x1c (size before relaxing)
 .iram1.literal
                0x000000004008073c       0x1c /Users/nliang/esp/wheel/build/soc/libsoc.a(cpu_util.o)
                                         0x30 (size before relaxing)
 .iram1.literal
                0x0000000040080758       0x50 /Users/nliang/esp/wheel/build/spi_flash/libspi_flash.a(cache_utils.o)
                                        0x120 (size before relaxing)
 .iram1.literal
                0x00000000400807a8       0x38 /Users/nliang/esp/wheel/build/spi_flash/libspi_flash.a(flash_ops.o)
                                         0xe4 (size before relaxing)
 .iram1.literal
                0x00000000400807e0       0x4c /Users/nliang/esp/wheel/build/spi_flash/libspi_flash.a(flash_mmap.o)
                                        0x11c (size before relaxing)
 .literal.pxPortInitialiseStack
                0x000000004008082c       0x10 /Users/nliang/esp/wheel/build/freertos/libfreertos.a(port.o)
                                         0x18 (size before relaxing)
 .literal.xPortStartScheduler
                0x000000004008083c        0x0 /Users/nliang/esp/wheel/build/freertos/libfreertos.a(port.o)
                                         0x14 (size before relaxing)
 .literal.xPortSysTickHandler
                0x000000004008083c        0x0 /Users/nliang/esp/wheel/build/freertos/libfreertos.a(port.o)
                                          0x8 (size before relaxing)
 .literal.vPortYieldOtherCore
                0x000000004008083c        0x0 /Users/nliang/esp/wheel/build/freertos/libfreertos.a(port.o)
                                          0x4 (size before relaxing)
 .literal.vPortReleaseTaskMPUSettings
                0x000000004008083c        0x0 /Users/nliang/esp/wheel/build/freertos/libfreertos.a(port.o)
                                          0x4 (size before relaxing)
 .literal.xPortInIsrContext
                0x000000004008083c        0x0 /Users/nliang/esp/wheel/build/freertos/libfreertos.a(port.o)
                                          0x8 (size before relaxing)
 .literal.vPortCPUInitializeMutex
                0x000000004008083c        0x4 /Users/nliang/esp/wheel/build/freertos/libfreertos.a(port.o)
 .literal.vPortCPUAcquireMutex
                0x0000000040080840       0x1c /Users/nliang/esp/wheel/build/freertos/libfreertos.a(port.o)
                                         0x30 (size before relaxing)
 .literal.vPortCPUReleaseMutex
                0x000000004008085c        0xc /Users/nliang/esp/wheel/build/freertos/libfreertos.a(port.o)
                                         0x20 (size before relaxing)
 .literal.prvIsQueueFull
                0x0000000040080868        0x0 /Users/nliang/esp/wheel/build/freertos/libfreertos.a(queue.o)
                                          0x8 (size before relaxing)
 .literal.prvCopyDataToQueue
                0x0000000040080868        0x0 /Users/nliang/esp/wheel/build/freertos/libfreertos.a(queue.o)
                                          0xc (size before relaxing)
 .literal.prvNotifyQueueSetContainer
                0x0000000040080868       0x14 /Users/nliang/esp/wheel/build/freertos/libfreertos.a(queue.o)
                                         0x34 (size before relaxing)
 .literal.prvCopyDataFromQueue
                0x000000004008087c        0x0 /Users/nliang/esp/wheel/build/freertos/libfreertos.a(queue.o)
                                          0x4 (size before relaxing)
 .literal.xQueueGenericReset
                0x000000004008087c        0x4 /Users/nliang/esp/wheel/build/freertos/libfreertos.a(queue.o)
                                         0x30 (size before relaxing)
 .literal.prvInitialiseNewQueue
                0x0000000040080880        0x0 /Users/nliang/esp/wheel/build/freertos/libfreertos.a(queue.o)
                                          0x4 (size before relaxing)
 .literal.xQueueGenericCreate
                0x0000000040080880        0x4 /Users/nliang/esp/wheel/build/freertos/libfreertos.a(queue.o)
                                         0x1c (size before relaxing)
 .literal.xQueueGetMutexHolder
                0x0000000040080884        0x0 /Users/nliang/esp/wheel/build/freertos/libfreertos.a(queue.o)
                                          0x8 (size before relaxing)
 .literal.xQueueCreateCountingSemaphore
                0x0000000040080884        0x4 /Users/nliang/esp/wheel/build/freertos/libfreertos.a(queue.o)
                                         0x28 (size before relaxing)
 .literal.xQueueGenericSend
                0x0000000040080888        0x4 /Users/nliang/esp/wheel/build/freertos/libfreertos.a(queue.o)
                                         0x7c (size before relaxing)
 .literal.prvInitialiseMutex
                0x000000004008088c        0x0 /Users/nliang/esp/wheel/build/freertos/libfreertos.a(queue.o)
                                          0x8 (size before relaxing)
 .literal.xQueueCreateMutex
                0x000000004008088c        0x0 /Users/nliang/esp/wheel/build/freertos/libfreertos.a(queue.o)
                                          0x8 (size before relaxing)
 .literal.xQueueGiveMutexRecursive
                0x000000004008088c        0x4 /Users/nliang/esp/wheel/build/freertos/libfreertos.a(queue.o)
                                         0x1c (size before relaxing)
 .literal.xQueueGenericSendFromISR
                0x0000000040080890        0x4 /Users/nliang/esp/wheel/build/freertos/libfreertos.a(queue.o)
                                         0x3c (size before relaxing)
 .literal.xQueueGiveFromISR
                0x0000000040080894        0x4 /Users/nliang/esp/wheel/build/freertos/libfreertos.a(queue.o)
                                         0x30 (size before relaxing)
 .literal.xQueueGenericReceive
                0x0000000040080898        0x4 /Users/nliang/esp/wheel/build/freertos/libfreertos.a(queue.o)
                                         0x78 (size before relaxing)
 .literal.xQueueTakeMutexRecursive
                0x000000004008089c        0x4 /Users/nliang/esp/wheel/build/freertos/libfreertos.a(queue.o)
                                         0x1c (size before relaxing)
 .literal.xQueueReceiveFromISR
                0x00000000400808a0        0x4 /Users/nliang/esp/wheel/build/freertos/libfreertos.a(queue.o)
                                         0x30 (size before relaxing)
 .literal.vQueueDelete
                0x00000000400808a4        0x4 /Users/nliang/esp/wheel/build/freertos/libfreertos.a(queue.o)
                                         0x18 (size before relaxing)
 .literal.vQueueWaitForMessageRestricted
                0x00000000400808a8        0x0 /Users/nliang/esp/wheel/build/freertos/libfreertos.a(queue.o)
                                          0xc (size before relaxing)
 .literal.prvResetNextTaskUnblockTime
                0x00000000400808a8        0x8 /Users/nliang/esp/wheel/build/freertos/libfreertos.a(tasks.o)
 .literal.prvDeleteTLS
                0x00000000400808b0       0x10 /Users/nliang/esp/wheel/build/freertos/libfreertos.a(tasks.o)
                                         0x18 (size before relaxing)
 .literal.prvInitialiseNewTask
                0x00000000400808c0        0x0 /Users/nliang/esp/wheel/build/freertos/libfreertos.a(tasks.o)
                                         0x18 (size before relaxing)
 .literal.prvInitialiseTaskLists
                0x00000000400808c0       0x20 /Users/nliang/esp/wheel/build/freertos/libfreertos.a(tasks.o)
                                         0x40 (size before relaxing)
 .literal.prvDeleteTCB
                0x00000000400808e0        0x8 /Users/nliang/esp/wheel/build/freertos/libfreertos.a(tasks.o)
                                         0x2c (size before relaxing)
 .literal.prvAddCurrentTaskToDelayedList
                0x00000000400808e8        0x4 /Users/nliang/esp/wheel/build/freertos/libfreertos.a(tasks.o)
                                         0x1c (size before relaxing)
 .literal.taskYIELD_OTHER_CORE
                0x00000000400808ec        0x0 /Users/nliang/esp/wheel/build/freertos/libfreertos.a(tasks.o)
                                         0x10 (size before relaxing)
 .literal.vTaskSuspendAll
                0x00000000400808ec        0x4 /Users/nliang/esp/wheel/build/freertos/libfreertos.a(tasks.o)
                                          0x8 (size before relaxing)
 .literal.xTaskGetIdleTaskHandleForCPU
                0x00000000400808f0        0xc /Users/nliang/esp/wheel/build/freertos/libfreertos.a(tasks.o)
                                         0x1c (size before relaxing)
 .literal.vTaskSwitchContext
                0x00000000400808fc       0x18 /Users/nliang/esp/wheel/build/freertos/libfreertos.a(tasks.o)
                                         0x3c (size before relaxing)
 .literal.vTaskSetTimeOutState
                0x0000000040080914        0xc /Users/nliang/esp/wheel/build/freertos/libfreertos.a(tasks.o)
                                         0x20 (size before relaxing)
 .literal.xTaskGetCurrentTaskHandle
                0x0000000040080920        0x0 /Users/nliang/esp/wheel/build/freertos/libfreertos.a(tasks.o)
                                          0x8 (size before relaxing)
 .literal.__getreent
                0x0000000040080920        0x0 /Users/nliang/esp/wheel/build/freertos/libfreertos.a(tasks.o)
                                          0x8 (size before relaxing)
 .literal.pcTaskGetTaskName
                0x0000000040080920        0x8 /Users/nliang/esp/wheel/build/freertos/libfreertos.a(tasks.o)
                                         0x1c (size before relaxing)
 .literal.xTaskGetAffinity
                0x0000000040080928        0x0 /Users/nliang/esp/wheel/build/freertos/libfreertos.a(tasks.o)
                                          0x4 (size before relaxing)
 .literal.xTaskGetCurrentTaskHandleForCPU
                0x0000000040080928        0x0 /Users/nliang/esp/wheel/build/freertos/libfreertos.a(tasks.o)
                                          0x4 (size before relaxing)
 .literal.xTaskGetSchedulerState
                0x0000000040080928        0x4 /Users/nliang/esp/wheel/build/freertos/libfreertos.a(tasks.o)
                                          0xc (size before relaxing)
 .literal.vTaskEnterCritical
                0x000000004008092c       0x14 /Users/nliang/esp/wheel/build/freertos/libfreertos.a(tasks.o)
                                         0x34 (size before relaxing)
 .literal.vTaskExitCritical
                0x0000000040080940        0xc /Users/nliang/esp/wheel/build/freertos/libfreertos.a(tasks.o)
                                         0x28 (size before relaxing)
 .literal.prvAddNewTaskToReadyList
                0x000000004008094c       0x10 /Users/nliang/esp/wheel/build/freertos/libfreertos.a(tasks.o)
                                         0x58 (size before relaxing)
 .literal.xTaskCreatePinnedToCore
                0x000000004008095c        0x0 /Users/nliang/esp/wheel/build/freertos/libfreertos.a(tasks.o)
                                         0x18 (size before relaxing)
 .literal.vTaskStartScheduler
                0x000000004008095c       0x10 /Users/nliang/esp/wheel/build/freertos/libfreertos.a(tasks.o)
                                         0x3c (size before relaxing)
 .literal.vTaskDelete
                0x000000004008096c        0x8 /Users/nliang/esp/wheel/build/freertos/libfreertos.a(tasks.o)
                                         0x60 (size before relaxing)
 .literal.vTaskDelay
                0x0000000040080974        0x4 /Users/nliang/esp/wheel/build/freertos/libfreertos.a(tasks.o)
                                         0x38 (size before relaxing)
 .literal.uxTaskPriorityGet
                0x0000000040080978        0x0 /Users/nliang/esp/wheel/build/freertos/libfreertos.a(tasks.o)
                                         0x10 (size before relaxing)
 .literal.vTaskPrioritySet
                0x0000000040080978        0x4 /Users/nliang/esp/wheel/build/freertos/libfreertos.a(tasks.o)
                                         0x44 (size before relaxing)
 .literal.prvCheckTasksWaitingTermination
                0x000000004008097c        0x8 /Users/nliang/esp/wheel/build/freertos/libfreertos.a(tasks.o)
                                         0x30 (size before relaxing)
 .literal.prvIdleTask
                0x0000000040080984        0x0 /Users/nliang/esp/wheel/build/freertos/libfreertos.a(tasks.o)
                                          0xc (size before relaxing)
 .literal.xTaskGetTickCount
                0x0000000040080984        0x4 /Users/nliang/esp/wheel/build/freertos/libfreertos.a(tasks.o)
                                         0x10 (size before relaxing)
 .literal.xTaskIncrementTick
                0x0000000040080988        0xc /Users/nliang/esp/wheel/build/freertos/libfreertos.a(tasks.o)
                                         0x78 (size before relaxing)
 .literal.xTaskResumeAll
                0x0000000040080994        0x8 /Users/nliang/esp/wheel/build/freertos/libfreertos.a(tasks.o)
                                         0x5c (size before relaxing)
 .literal.vTaskPlaceOnEventList
                0x000000004008099c        0x8 /Users/nliang/esp/wheel/build/freertos/libfreertos.a(tasks.o)
                                         0x40 (size before relaxing)
 .literal.vTaskPlaceOnEventListRestricted
                0x00000000400809a4        0x8 /Users/nliang/esp/wheel/build/freertos/libfreertos.a(tasks.o)
                                         0x38 (size before relaxing)
 .literal.xTaskRemoveFromEventList
                0x00000000400809ac        0x8 /Users/nliang/esp/wheel/build/freertos/libfreertos.a(tasks.o)
                                         0x58 (size before relaxing)
 .literal.xTaskCheckForTimeOut
                0x00000000400809b4        0xc /Users/nliang/esp/wheel/build/freertos/libfreertos.a(tasks.o)
                                         0x3c (size before relaxing)
 .literal.vTaskPriorityInherit
                0x00000000400809c0        0x0 /Users/nliang/esp/wheel/build/freertos/libfreertos.a(tasks.o)
                                         0x2c (size before relaxing)
 .literal.xTaskPriorityDisinherit
                0x00000000400809c0        0x8 /Users/nliang/esp/wheel/build/freertos/libfreertos.a(tasks.o)
                                         0x40 (size before relaxing)
 .literal.pvTaskIncrementMutexHeldCount
                0x00000000400809c8        0x0 /Users/nliang/esp/wheel/build/freertos/libfreertos.a(tasks.o)
                                         0x10 (size before relaxing)
 .literal.prvGetNextExpireTime
                0x00000000400809c8        0x4 /Users/nliang/esp/wheel/build/freertos/libfreertos.a(timers.o)
 .literal.prvInsertTimerInActiveList
                0x00000000400809cc        0x4 /Users/nliang/esp/wheel/build/freertos/libfreertos.a(timers.o)
                                         0x10 (size before relaxing)
 .literal.prvCheckForValidListAndQueue
                0x00000000400809d0       0x1c /Users/nliang/esp/wheel/build/freertos/libfreertos.a(timers.o)
                                         0x44 (size before relaxing)
 .literal.xTimerCreateTimerTask
                0x00000000400809ec        0xc /Users/nliang/esp/wheel/build/freertos/libfreertos.a(timers.o)
                                         0x2c (size before relaxing)
 .literal.xTimerGenericCommand
                0x00000000400809f8        0x0 /Users/nliang/esp/wheel/build/freertos/libfreertos.a(timers.o)
                                         0x14 (size before relaxing)
 .literal.prvSwitchTimerLists
                0x00000000400809f8        0x4 /Users/nliang/esp/wheel/build/freertos/libfreertos.a(timers.o)
                                         0x28 (size before relaxing)
 .literal.prvSampleTimeNow
                0x00000000400809fc        0x4 /Users/nliang/esp/wheel/build/freertos/libfreertos.a(timers.o)
                                          0xc (size before relaxing)
 .literal.prvProcessExpiredTimer
                0x0000000040080a00        0x4 /Users/nliang/esp/wheel/build/freertos/libfreertos.a(timers.o)
                                         0x24 (size before relaxing)
 .literal.prvProcessTimerOrBlockTask
                0x0000000040080a04        0x0 /Users/nliang/esp/wheel/build/freertos/libfreertos.a(timers.o)
                                         0x24 (size before relaxing)
 .literal.prvProcessReceivedCommands
                0x0000000040080a04        0x8 /Users/nliang/esp/wheel/build/freertos/libfreertos.a(timers.o)
                                         0x40 (size before relaxing)
 .literal.prvTimerTask
                0x0000000040080a0c        0x0 /Users/nliang/esp/wheel/build/freertos/libfreertos.a(timers.o)
                                          0xc (size before relaxing)
 .literal._xt_tick_divisor_init
                0x0000000040080a0c        0x8 /Users/nliang/esp/wheel/build/freertos/libfreertos.a(xtensa_init.o)
                                          0xc (size before relaxing)
 .literal.xt_unhandled_interrupt
                0x0000000040080a14        0x4 /Users/nliang/esp/wheel/build/freertos/libfreertos.a(xtensa_intr.o)
                                          0x8 (size before relaxing)
 .literal.xt_set_interrupt_handler
                0x0000000040080a18        0x8 /Users/nliang/esp/wheel/build/freertos/libfreertos.a(xtensa_intr.o)
                                          0xc (size before relaxing)
 .literal       0x0000000040080a20        0xc /Users/nliang/esp/wheel/build/freertos/libfreertos.a(portasm.o)
                                         0x54 (size before relaxing)
 .literal       0x0000000040080a2c        0x0 /Users/nliang/esp/wheel/build/freertos/libfreertos.a(xtensa_context.o)
                                         0x10 (size before relaxing)
 .literal.prvGetFreeSize
                0x0000000040080a2c        0xc /Users/nliang/esp/wheel/build/freertos/libfreertos.a(ringbuf.o)
                                         0x14 (size before relaxing)
 .literal.prvReceiveGeneric
                0x0000000040080a38        0x4 /Users/nliang/esp/wheel/build/freertos/libfreertos.a(ringbuf.o)
                                         0x3c (size before relaxing)
 .literal.xRingbufferSend
                0x0000000040080a3c        0x4 /Users/nliang/esp/wheel/build/freertos/libfreertos.a(ringbuf.o)
                                         0x40 (size before relaxing)
 .literal.xRingbufferReceive
                0x0000000040080a40        0x4 /Users/nliang/esp/wheel/build/freertos/libfreertos.a(ringbuf.o)
                                         0x18 (size before relaxing)
 .literal.vRingbufferReturnItem
                0x0000000040080a44        0x4 /Users/nliang/esp/wheel/build/freertos/libfreertos.a(ringbuf.o)
                                         0x28 (size before relaxing)
 .literal.get_prev_free_block
                0x0000000040080a48       0x10 /Users/nliang/esp/wheel/build/heap/libheap.a(multi_heap.o)
                                         0x28 (size before relaxing)
 .literal.split_if_necessary
                0x0000000040080a58       0x10 /Users/nliang/esp/wheel/build/heap/libheap.a(multi_heap.o)
                                         0x50 (size before relaxing)
 .literal.assert_valid_block
                0x0000000040080a68        0x0 /Users/nliang/esp/wheel/build/heap/libheap.a(multi_heap.o)
                                         0x2c (size before relaxing)
 .literal.merge_adjacent
                0x0000000040080a68        0x8 /Users/nliang/esp/wheel/build/heap/libheap.a(multi_heap.o)
                                         0x4c (size before relaxing)
 .literal.multi_heap_get_allocated_size_impl
                0x0000000040080a70        0x0 /Users/nliang/esp/wheel/build/heap/libheap.a(multi_heap.o)
                                         0x10 (size before relaxing)
 .literal.multi_heap_malloc_impl
                0x0000000040080a70        0x0 /Users/nliang/esp/wheel/build/heap/libheap.a(multi_heap.o)
                                         0x28 (size before relaxing)
 .literal.multi_heap_free_impl
                0x0000000040080a70        0x0 /Users/nliang/esp/wheel/build/heap/libheap.a(multi_heap.o)
                                         0x50 (size before relaxing)
 .literal.multi_heap_realloc_impl
                0x0000000040080a70        0x8 /Users/nliang/esp/wheel/build/heap/libheap.a(multi_heap.o)
                                         0x68 (size before relaxing)
 .literal.panicPutChar
                0x0000000040080a78        0x8 /Users/nliang/esp/wheel/build/esp32/libesp32.a(panic.o)
 .literal.panicPutStr
                0x0000000040080a80        0x0 /Users/nliang/esp/wheel/build/esp32/libesp32.a(panic.o)
                                          0x4 (size before relaxing)
 .literal.panicPutHex
                0x0000000040080a80        0x0 /Users/nliang/esp/wheel/build/esp32/libesp32.a(panic.o)
                                          0x8 (size before relaxing)
 .literal.panicPutDec
                0x0000000040080a80        0x4 /Users/nliang/esp/wheel/build/esp32/libesp32.a(panic.o)
                                         0x10 (size before relaxing)
 .literal.reconfigureAllWdts
                0x0000000040080a84       0x10 /Users/nliang/esp/wheel/build/esp32/libesp32.a(panic.o)
                                         0x24 (size before relaxing)
 .literal.putEntry
                0x0000000040080a94       0x10 /Users/nliang/esp/wheel/build/esp32/libesp32.a(panic.o)
                                         0x20 (size before relaxing)
 .literal.doBacktrace
                0x0000000040080aa4       0x10 /Users/nliang/esp/wheel/build/esp32/libesp32.a(panic.o)
                                         0x24 (size before relaxing)
 .literal.invoke_abort
                0x0000000040080ab4        0x4 /Users/nliang/esp/wheel/build/esp32/libesp32.a(panic.o)
                                          0x8 (size before relaxing)
 .literal.haltOtherCore
                0x0000000040080ab8        0x0 /Users/nliang/esp/wheel/build/esp32/libesp32.a(panic.o)
                                          0x4 (size before relaxing)
 .literal.commonErrorHandler_dump
                0x0000000040080ab8       0x30 /Users/nliang/esp/wheel/build/esp32/libesp32.a(panic.o)
                                         0x90 (size before relaxing)
 .literal.esp_panic_dig_reset
                0x0000000040080ae8        0x0 /Users/nliang/esp/wheel/build/esp32/libesp32.a(panic.o)
                                         0x14 (size before relaxing)
 .literal.commonErrorHandler
                0x0000000040080ae8        0x8 /Users/nliang/esp/wheel/build/esp32/libesp32.a(panic.o)
                                         0x4c (size before relaxing)
 .literal.abort
                0x0000000040080af0        0x8 /Users/nliang/esp/wheel/build/esp32/libesp32.a(panic.o)
                                         0x18 (size before relaxing)
 .literal.vApplicationStackOverflowHook
                0x0000000040080af8        0x8 /Users/nliang/esp/wheel/build/esp32/libesp32.a(panic.o)
                                         0x18 (size before relaxing)
 .literal.panicHandler
                0x0000000040080b00       0x34 /Users/nliang/esp/wheel/build/esp32/libesp32.a(panic.o)
                                         0xa8 (size before relaxing)
 .literal.xt_unhandled_exception
                0x0000000040080b34       0x18 /Users/nliang/esp/wheel/build/esp32/libesp32.a(panic.o)
                                         0x64 (size before relaxing)
 .literal._esp_error_check_failed
                0x0000000040080b4c       0x14 /Users/nliang/esp/wheel/build/esp32/libesp32.a(panic.o)
                                         0x30 (size before relaxing)
 .literal.rtc_clk_32k_enable_common
                0x0000000040080b60       0x14 /Users/nliang/esp/wheel/build/soc/libsoc.a(rtc_clk.o)
 .literal.rtc_clk_bbpll_disable
                0x0000000040080b74        0xc /Users/nliang/esp/wheel/build/soc/libsoc.a(rtc_clk.o)
                                         0x10 (size before relaxing)
 .literal.rtc_clk_bbpll_enable
                0x0000000040080b80        0x4 /Users/nliang/esp/wheel/build/soc/libsoc.a(rtc_clk.o)
                                          0x8 (size before relaxing)
 .literal.rtc_clk_32k_enable
                0x0000000040080b84        0x4 /Users/nliang/esp/wheel/build/soc/libsoc.a(rtc_clk.o)
                                          0xc (size before relaxing)
 .literal.rtc_clk_32k_enable_external
                0x0000000040080b88        0x0 /Users/nliang/esp/wheel/build/soc/libsoc.a(rtc_clk.o)
                                          0x4 (size before relaxing)
 .literal.rtc_clk_8m_enable
                0x0000000040080b88        0xc /Users/nliang/esp/wheel/build/soc/libsoc.a(rtc_clk.o)
                                         0x10 (size before relaxing)
 .literal.rtc_clk_slow_freq_set
                0x0000000040080b94        0x0 /Users/nliang/esp/wheel/build/soc/libsoc.a(rtc_clk.o)
                                          0xc (size before relaxing)
 .literal.rtc_clk_slow_freq_get
                0x0000000040080b94        0x0 /Users/nliang/esp/wheel/build/soc/libsoc.a(rtc_clk.o)
                                          0x4 (size before relaxing)
 .literal.rtc_clk_slow_freq_get_hz
                0x0000000040080b94        0xc /Users/nliang/esp/wheel/build/soc/libsoc.a(rtc_clk.o)
                                         0x10 (size before relaxing)
 .literal.rtc_clk_fast_freq_set
                0x0000000040080ba0        0x4 /Users/nliang/esp/wheel/build/soc/libsoc.a(rtc_clk.o)
                                          0xc (size before relaxing)
 .literal.rtc_clk_bbpll_configure
                0x0000000040080ba4       0x10 /Users/nliang/esp/wheel/build/soc/libsoc.a(rtc_clk.o)
                                         0x3c (size before relaxing)
 .literal.rtc_clk_xtal_freq_get
                0x0000000040080bb4        0x8 /Users/nliang/esp/wheel/build/soc/libsoc.a(rtc_clk.o)
 .literal.rtc_clk_cpu_freq_mhz_to_config
                0x0000000040080bbc        0x0 /Users/nliang/esp/wheel/build/soc/libsoc.a(rtc_clk.o)
                                          0x4 (size before relaxing)
 .literal.rtc_clk_cpu_freq_get_config
                0x0000000040080bbc       0x14 /Users/nliang/esp/wheel/build/soc/libsoc.a(rtc_clk.o)
                                         0x28 (size before relaxing)
 .literal.rtc_clk_apb_freq_update
                0x0000000040080bd0        0x4 /Users/nliang/esp/wheel/build/soc/libsoc.a(rtc_clk.o)
 .literal.rtc_clk_cpu_freq_to_xtal
                0x0000000040080bd4        0xc /Users/nliang/esp/wheel/build/soc/libsoc.a(rtc_clk.o)
                                         0x34 (size before relaxing)
 .literal.rtc_clk_cpu_freq_set_xtal
                0x0000000040080be0        0x0 /Users/nliang/esp/wheel/build/soc/libsoc.a(rtc_clk.o)
                                         0x10 (size before relaxing)
 .literal.rtc_clk_cpu_freq_to_pll_mhz
                0x0000000040080be0       0x10 /Users/nliang/esp/wheel/build/soc/libsoc.a(rtc_clk.o)
                                         0x38 (size before relaxing)
 .literal.rtc_clk_cpu_freq_to_8m
                0x0000000040080bf0        0x4 /Users/nliang/esp/wheel/build/soc/libsoc.a(rtc_clk.o)
                                         0x2c (size before relaxing)
 .literal.rtc_clk_cpu_freq_set_config
                0x0000000040080bf4        0x0 /Users/nliang/esp/wheel/build/soc/libsoc.a(rtc_clk.o)
                                         0x30 (size before relaxing)
 .literal.rtc_clk_apb_freq_get
                0x0000000040080bf4        0x4 /Users/nliang/esp/wheel/build/soc/libsoc.a(rtc_clk.o)
                                         0x10 (size before relaxing)
 .literal.rtc_init
                0x0000000040080bf8       0x78 /Users/nliang/esp/wheel/build/soc/libsoc.a(rtc_init.o)
                                         0xdc (size before relaxing)
 .literal.rtc_clk_cal_internal
                0x0000000040080c70       0x28 /Users/nliang/esp/wheel/build/soc/libsoc.a(rtc_time.o)
                                         0x64 (size before relaxing)
 .literal.rtc_clk_cal
                0x0000000040080c98        0x0 /Users/nliang/esp/wheel/build/soc/libsoc.a(rtc_time.o)
                                          0xc (size before relaxing)
 .literal.rtc_time_get
                0x0000000040080c98       0x10 /Users/nliang/esp/wheel/build/soc/libsoc.a(rtc_time.o)
                                         0x18 (size before relaxing)
 .literal.rtc_clk_wait_for_slow_cycle
                0x0000000040080ca8        0x8 /Users/nliang/esp/wheel/build/soc/libsoc.a(rtc_time.o)
                                         0x20 (size before relaxing)
 .literal.rtc_wdt_get_protect_status
                0x0000000040080cb0        0x8 /Users/nliang/esp/wheel/build/soc/libsoc.a(rtc_wdt.o)
 .literal.rtc_wdt_protect_off
                0x0000000040080cb8        0x0 /Users/nliang/esp/wheel/build/soc/libsoc.a(rtc_wdt.o)
                                          0x8 (size before relaxing)
 .literal.rtc_wdt_protect_on
                0x0000000040080cb8        0x0 /Users/nliang/esp/wheel/build/soc/libsoc.a(rtc_wdt.o)
                                          0x4 (size before relaxing)
 .literal.rtc_wdt_enable
                0x0000000040080cb8        0xc /Users/nliang/esp/wheel/build/soc/libsoc.a(rtc_wdt.o)
                                         0x10 (size before relaxing)
 .literal.rtc_wdt_feed
                0x0000000040080cc4        0x0 /Users/nliang/esp/wheel/build/soc/libsoc.a(rtc_wdt.o)
                                         0x14 (size before relaxing)
 .literal.rtc_wdt_set_time
                0x0000000040080cc4       0x14 /Users/nliang/esp/wheel/build/soc/libsoc.a(rtc_wdt.o)
                                         0x20 (size before relaxing)
 .literal.rtc_wdt_set_stage
                0x0000000040080cd8        0x8 /Users/nliang/esp/wheel/build/soc/libsoc.a(rtc_wdt.o)
                                         0x14 (size before relaxing)
 .literal.rtc_wdt_disable
                0x0000000040080ce0        0x0 /Users/nliang/esp/wheel/build/soc/libsoc.a(rtc_wdt.o)
                                         0x2c (size before relaxing)
 .literal.rtc_wdt_set_length_of_reset_signal
                0x0000000040080ce0        0x4 /Users/nliang/esp/wheel/build/soc/libsoc.a(rtc_wdt.o)
                                          0xc (size before relaxing)
 .literal.rtc_wdt_is_on
                0x0000000040080ce4        0x0 /Users/nliang/esp/wheel/build/soc/libsoc.a(rtc_wdt.o)
                                          0x4 (size before relaxing)
 .literal       0x0000000040080ce4        0x0 /Users/nliang/esp/esp-idf/components/esp32/libhal.a(windowspill_asm.o)
                                          0x4 (size before relaxing)
 .literal.esp_rom_spiflash_read_status
                0x0000000040080ce4       0x10 /Users/nliang/esp/wheel/build/spi_flash/libspi_flash.a(spi_flash_rom_patch.o)
                                         0x14 (size before relaxing)
 .literal.esp_rom_spiflash_wait_idle
                0x0000000040080cf4        0x8 /Users/nliang/esp/wheel/build/spi_flash/libspi_flash.a(spi_flash_rom_patch.o)
                                          0xc (size before relaxing)
 .literal.esp_rom_spiflash_erase_block_internal
                0x0000000040080cfc        0x4 /Users/nliang/esp/wheel/build/spi_flash/libspi_flash.a(spi_flash_rom_patch.o)
                                         0x18 (size before relaxing)
 .literal.esp_rom_spiflash_erase_sector_internal
                0x0000000040080d00        0x0 /Users/nliang/esp/wheel/build/spi_flash/libspi_flash.a(spi_flash_rom_patch.o)
                                         0x18 (size before relaxing)
 .literal.esp_rom_spiflash_read_data
                0x0000000040080d00       0x18 /Users/nliang/esp/wheel/build/spi_flash/libspi_flash.a(spi_flash_rom_patch.o)
                                         0x34 (size before relaxing)
 .literal.esp_rom_spiflash_enable_write
                0x0000000040080d18        0x0 /Users/nliang/esp/wheel/build/spi_flash/libspi_flash.a(spi_flash_rom_patch.o)
                                         0x10 (size before relaxing)
 .literal.esp_rom_spiflash_program_page_internal
                0x0000000040080d18       0x10 /Users/nliang/esp/wheel/build/spi_flash/libspi_flash.a(spi_flash_rom_patch.o)
                                         0x40 (size before relaxing)
 .literal.esp_rom_spiflash_read_statushigh
                0x0000000040080d28        0x4 /Users/nliang/esp/wheel/build/spi_flash/libspi_flash.a(spi_flash_rom_patch.o)
                                          0xc (size before relaxing)
 .literal.esp_rom_spiflash_write_status
                0x0000000040080d2c        0x4 /Users/nliang/esp/wheel/build/spi_flash/libspi_flash.a(spi_flash_rom_patch.o)
                                         0x14 (size before relaxing)
 .literal.esp_rom_spiflash_unlock
                0x0000000040080d30        0x8 /Users/nliang/esp/wheel/build/spi_flash/libspi_flash.a(spi_flash_rom_patch.o)
                                         0x28 (size before relaxing)
 .literal.esp_rom_spiflash_erase_block
                0x0000000040080d38        0xc /Users/nliang/esp/wheel/build/spi_flash/libspi_flash.a(spi_flash_rom_patch.o)
                                         0x20 (size before relaxing)
 .literal.esp_rom_spiflash_erase_sector
                0x0000000040080d44        0x0 /Users/nliang/esp/wheel/build/spi_flash/libspi_flash.a(spi_flash_rom_patch.o)
                                         0x20 (size before relaxing)
 .literal.esp_rom_spiflash_write
                0x0000000040080d44        0x0 /Users/nliang/esp/wheel/build/spi_flash/libspi_flash.a(spi_flash_rom_patch.o)
                                         0x28 (size before relaxing)
 .literal.esp_rom_spiflash_write_encrypted
                0x0000000040080d44        0xc /Users/nliang/esp/wheel/build/spi_flash/libspi_flash.a(spi_flash_rom_patch.o)
                                         0x10 (size before relaxing)
 .literal.esp_rom_spiflash_read
                0x0000000040080d50       0x30 /Users/nliang/esp/wheel/build/spi_flash/libspi_flash.a(spi_flash_rom_patch.o)
                                         0x5c (size before relaxing)
 .literal       0x0000000040080d80       0x10 /Users/nliang/esp/esp-idf/components/newlib/lib/libm.a(lib_a-s_fpclassify.o)
                                         0x18 (size before relaxing)
 .iram1         0x0000000040080d90      0x25a /Users/nliang/esp/wheel/build/esp32/libesp32.a(cpu_start.o)
                                        0x30e (size before relaxing)
                0x0000000040080d90                start_cpu0
                0x0000000040080d90                start_cpu0_default
                0x0000000040080e60                start_cpu1_default
                0x0000000040080e60                start_cpu1
                0x0000000040080edc                call_start_cpu0
 *fill*         0x0000000040080fea        0x2 
 .iram1         0x0000000040080fec       0xb0 /Users/nliang/esp/wheel/build/esp32/libesp32.a(crosscore_int.o)
                                         0xc0 (size before relaxing)
                0x0000000040081084                esp_crosscore_int_send_yield
                0x0000000040081090                esp_crosscore_int_send_freq_switch
 .iram1         0x000000004008109c      0x1e3 /Users/nliang/esp/wheel/build/esp32/libesp32.a(dport_access.o)
                                        0x1ef (size before relaxing)
                0x000000004008109c                esp_dport_access_stall_other_cpu_start
                0x000000004008114c                esp_dport_access_stall_other_cpu_end
                0x00000000400811c8                esp_dport_access_stall_other_cpu_start_wrap
                0x00000000400811d0                esp_dport_access_stall_other_cpu_end_wrap
                0x00000000400811d8                esp_dport_access_int_pause
                0x00000000400811fc                esp_dport_access_int_abort
                0x0000000040081210                esp_dport_access_int_resume
                0x0000000040081234                esp_dport_access_reg_read
                0x000000004008124c                esp_dport_access_sequence_reg_read
                0x0000000040081258                esp_dport_access_read_buffer
 *fill*         0x000000004008127f        0x1 
 .iram1         0x0000000040081280      0x205 /Users/nliang/esp/wheel/build/esp32/libesp32.a(esp_timer.o)
                                        0x219 (size before relaxing)
                0x000000004008139c                esp_timer_stop
                0x00000000400813c0                esp_timer_get_next_alarm
                0x00000000400813e0                esp_timer_get_time
                0x00000000400813f0                esp_timer_start_once
                0x0000000040081434                esp_timer_start_periodic
 *fill*         0x0000000040081485        0x3 
 .iram1         0x0000000040081488      0x4af /Users/nliang/esp/wheel/build/esp32/libesp32.a(esp_timer_esp32.o)
                                        0x4bb (size before relaxing)
                0x00000000400815ac                esp_timer_impl_get_time
                0x000000004008171c                esp_timer_impl_set_alarm
                0x0000000040081864                esp_timer_impl_update_apb_freq
                0x000000004008192c                esp_timer_impl_get_min_period_us
 *fill*         0x0000000040081937        0x1 
 .iram1         0x0000000040081938       0x53 /Users/nliang/esp/wheel/build/esp32/libesp32.a(int_wdt.o)
 *fill*         0x000000004008198b        0x1 
 .iram1         0x000000004008198c      0x2b6 /Users/nliang/esp/wheel/build/esp32/libesp32.a(intr_alloc.o)
                                        0x2ce (size before relaxing)
                0x00000000400819c8                esp_intr_set_in_iram
                0x0000000040081a50                esp_intr_enable
                0x0000000040081ad8                esp_intr_disable
                0x0000000040081ba0                esp_intr_noniram_disable
                0x0000000040081bec                esp_intr_noniram_enable
                0x0000000040081c2c                ets_isr_unmask
                0x0000000040081c38                ets_isr_mask
 *fill*         0x0000000040081c42        0x2 
 .iram1         0x0000000040081c44       0x7f /Users/nliang/esp/wheel/build/esp32/libesp32.a(ipc.o)
                                         0x8b (size before relaxing)
 *fill*         0x0000000040081cc3        0x1 
 .iram1         0x0000000040081cc4      0x1f1 /Users/nliang/esp/wheel/build/esp32/libesp32.a(system_api.o)
                                        0x244 (size before relaxing)
                0x0000000040081d3c                esp_restart_noos
                0x0000000040081e94                esp_restart
                0x0000000040081e94                system_restart
 *fill*         0x0000000040081eb5        0x3 
 .iram1         0x0000000040081eb8       0xda /Users/nliang/esp/wheel/build/esp32/libesp32.a(dport_panic_highint_hdl.o)
                0x0000000040081eb8                xt_highint4
                0x0000000040081f92                ld_include_panic_highint_hdl
 *fill*         0x0000000040081f92        0x2 
 .iram1         0x0000000040081f94       0x2c /Users/nliang/esp/wheel/build/esp32/libesp32.a(cache_err_int.o)
                                         0x34 (size before relaxing)
                0x0000000040081f94                esp_cache_err_get_cpuid
 .iram1         0x0000000040081fc0       0x47 /Users/nliang/esp/wheel/build/esp32/libesp32.a(clk.o)
                                         0x4b (size before relaxing)
                0x0000000040081fc0                esp_clk_cpu_freq
                0x0000000040081fd0                esp_clk_apb_freq
                0x0000000040081fe8                esp_clk_xtal_freq
                0x0000000040081ff8                ets_update_cpu_frequency
 *fill*         0x0000000040082007        0x1 
 .iram1         0x0000000040082008       0x27 /Users/nliang/esp/wheel/build/esp32/libesp32.a(freertos_hooks.o)
                0x0000000040082008                esp_vApplicationTickHook
 *fill*         0x000000004008202f        0x1 
 .iram1         0x0000000040082030       0x1a /Users/nliang/esp/wheel/build/freertos/libfreertos.a(port.o)
                0x0000000040082030                xPortInterruptedFromISRContext
 *fill*         0x000000004008204a        0x2 
 .iram1         0x000000004008204c      0x4b4 /Users/nliang/esp/wheel/build/freertos/libfreertos.a(xtensa_vectors.o)
                0x000000004008204c                _xt_panic
                0x0000000040082164                _xt_user_exit
                0x0000000040082450                _xt_medint2_exit
                0x00000000400824ec                _xt_medint3_exit
 .iram1         0x0000000040082500      0x3f1 /Users/nliang/esp/wheel/build/heap/libheap.a(heap_caps.o)
                                        0x40d (size before relaxing)
                0x0000000040082590                heap_caps_malloc
                0x0000000040082630                heap_caps_malloc_default
                0x0000000040082674                heap_caps_malloc_prefer
                0x00000000400826cc                heap_caps_free
                0x0000000040082704                heap_caps_realloc
                0x00000000400827b0                heap_caps_realloc_default
                0x0000000040082808                heap_caps_realloc_prefer
                0x000000004008286c                heap_caps_calloc
                0x000000004008289c                heap_caps_calloc_prefer
 *fill*         0x00000000400828f1        0x3 
 .iram1         0x00000000400828f4      0x18a /Users/nliang/esp/wheel/build/log/liblog.a(log.o)
                                        0x19a (size before relaxing)
                0x00000000400828f4                esp_log_write
                0x0000000040082a24                esp_log_early_timestamp
                0x0000000040082a40                esp_log_timestamp
 *fill*         0x0000000040082a7e        0x2 
 .iram1         0x0000000040082a80       0xac /Users/nliang/esp/wheel/build/main/libmain.a(adc1_example_main.o)
                0x0000000040082a80                timer_group0_isr
 .iram1         0x0000000040082b2c      0x1cc /Users/nliang/esp/wheel/build/newlib/libnewlib.a(locks.o)
                                        0x210 (size before relaxing)
                0x0000000040082c44                _lock_init
                0x0000000040082c54                _lock_init_recursive
                0x0000000040082c64                _lock_close
                0x0000000040082ca0                _lock_acquire
                0x0000000040082cb0                _lock_acquire_recursive
                0x0000000040082cc0                _lock_try_acquire
                0x0000000040082cd0                _lock_try_acquire_recursive
                0x0000000040082ce0                _lock_release
                0x0000000040082cec                _lock_release_recursive
 .iram1         0x0000000040082cf8       0x3c /Users/nliang/esp/wheel/build/newlib/libnewlib.a(reent_init.o)
                0x0000000040082cf8                esp_reent_init
 .iram1         0x0000000040082d34       0x5a /Users/nliang/esp/wheel/build/newlib/libnewlib.a(syscalls.o)
                                         0x62 (size before relaxing)
                0x0000000040082d34                _malloc_r
                0x0000000040082d40                _free_r
                0x0000000040082d4c                _realloc_r
                0x0000000040082d60                _calloc_r
 *fill*         0x0000000040082d8e        0x2 
 .iram1         0x0000000040082d90       0x70 /Users/nliang/esp/wheel/build/newlib/libnewlib.a(time.o)
                                         0x74 (size before relaxing)
                0x0000000040082d90                _gettimeofday_r
                0x0000000040082dd8                _times_r
 .iram1         0x0000000040082e00      0x11a /Users/nliang/esp/wheel/build/soc/libsoc.a(cpu_util.o)
                0x0000000040082e00                esp_cpu_stall
                0x0000000040082e94                esp_cpu_unstall
                0x0000000040082ee8                esp_cpu_reset
                0x0000000040082f0c                esp_cpu_in_ocd_debug_mode
 *fill*         0x0000000040082f1a        0x2 
 .iram1         0x0000000040082f1c      0x2f4 /Users/nliang/esp/wheel/build/spi_flash/libspi_flash.a(cache_utils.o)
                                        0x340 (size before relaxing)
                0x0000000040082f80                spi_flash_op_block_func
                0x000000004008302c                spi_flash_disable_interrupts_caches_and_other_cpu
                0x000000004008310c                spi_flash_enable_interrupts_caches_and_other_cpu
                0x00000000400831a4                spi_flash_disable_interrupts_caches_and_other_cpu_no_os
                0x00000000400831d0                spi_flash_enable_interrupts_caches_no_os
                0x00000000400831ec                spi_flash_cache_enabled
 .iram1         0x0000000040083210      0x722 /Users/nliang/esp/wheel/build/spi_flash/libspi_flash.a(flash_ops.o)
                                        0x74a (size before relaxing)
                0x0000000040083280                spi_flash_guard_set
                0x000000004008328c                spi_flash_guard_get
                0x0000000040083298                spi_flash_get_chip_size
                0x00000000400832a4                spi_flash_erase_range
                0x000000004008335c                spi_flash_erase_sector
                0x0000000040083380                spi_flash_write
                0x0000000040083548                spi_flash_read
                0x00000000400837e0                spi_flash_read_encrypted
                0x0000000040083828                spi_flash_write_encrypted
 *fill*         0x0000000040083932        0x2 
 .iram1         0x0000000040083934      0x4ce /Users/nliang/esp/wheel/build/spi_flash/libspi_flash.a(flash_mmap.o)
                                        0x502 (size before relaxing)
                0x0000000040083a60                spi_flash_mmap_pages
                0x0000000040083ca0                spi_flash_mmap
                0x0000000040083d14                spi_flash_munmap
                0x0000000040083db8                spi_flash_mark_modified_region
 *fill*         0x0000000040083e02        0x2 
 .iram1         0x0000000040083e04       0x20 /Users/nliang/esp/wheel/build/esp32/libesp32.a(dbg_stubs.o)
 *fill*         0x0000000040083e24        0x0 
 *fill*         0x0000000040083e24        0x0 
 *fill*         0x0000000040083e24        0x0 
 *fill*         0x0000000040083e24        0x0 
 *fill*         0x0000000040083e24        0x0 
 *fill*         0x0000000040083e24        0x0 
 *fill*         0x0000000040083e24        0x0 
 *fill*         0x0000000040083e24        0x0 
 *fill*         0x0000000040083e24        0x0 
 *fill*         0x0000000040083e24        0x0 
 .iram1         0x0000000040083e24       0x2e /Users/nliang/esp/wheel/build/freertos/libfreertos.a(xtensa_vector_defaults.o)
                0x0000000040083e24                xt_debugexception
                0x0000000040083e44                xt_highint5
                0x0000000040083e4c                _xt_nmi
                0x0000000040083e4c                xt_nmi
 *fill*         0x0000000040083e52        0x0 
 *fill*         0x0000000040083e52        0x0 
 *fill*         0x0000000040083e52        0x0 
 *fill*         0x0000000040083e52        0x0 
 *fill*         0x0000000040083e52        0x0 
 *fill*         0x0000000040083e52        0x0 
 *libfreertos.a:(.literal .text .literal.* .text.*)
 *fill*         0x0000000040083e52        0x2 
 .text.pxPortInitialiseStack
                0x0000000040083e54       0x86 /Users/nliang/esp/wheel/build/freertos/libfreertos.a(port.o)
                0x0000000040083e54                pxPortInitialiseStack
 *fill*         0x0000000040083eda        0x2 
 .text.xPortStartScheduler
                0x0000000040083edc       0x22 /Users/nliang/esp/wheel/build/freertos/libfreertos.a(port.o)
                                         0x2e (size before relaxing)
                0x0000000040083edc                xPortStartScheduler
 *fill*         0x0000000040083efe        0x2 
 .text.xPortSysTickHandler
                0x0000000040083f00       0x10 /Users/nliang/esp/wheel/build/freertos/libfreertos.a(port.o)
                                         0x16 (size before relaxing)
                0x0000000040083f00                xPortSysTickHandler
 *fill*         0x0000000040083f10        0x0 
 .text.vPortYieldOtherCore
                0x0000000040083f10        0xa /Users/nliang/esp/wheel/build/freertos/libfreertos.a(port.o)
                                          0xe (size before relaxing)
                0x0000000040083f10                vPortYieldOtherCore
 *fill*         0x0000000040083f1a        0x2 
 .text.vPortReleaseTaskMPUSettings
                0x0000000040083f1c        0xa /Users/nliang/esp/wheel/build/freertos/libfreertos.a(port.o)
                                          0xe (size before relaxing)
                0x0000000040083f1c                vPortReleaseTaskMPUSettings
 *fill*         0x0000000040083f26        0x2 
 .text.xPortInIsrContext
                0x0000000040083f28       0x26 /Users/nliang/esp/wheel/build/freertos/libfreertos.a(port.o)
                0x0000000040083f28                xPortInIsrContext
 *fill*         0x0000000040083f4e        0x2 
 .text.vPortCPUInitializeMutex
                0x0000000040083f50        0xe /Users/nliang/esp/wheel/build/freertos/libfreertos.a(port.o)
                0x0000000040083f50                vPortCPUInitializeMutex
 *fill*         0x0000000040083f5e        0x2 
 .text.vPortCPUAcquireMutex
                0x0000000040083f60       0x81 /Users/nliang/esp/wheel/build/freertos/libfreertos.a(port.o)
                                         0x88 (size before relaxing)
                0x0000000040083f60                vPortCPUAcquireMutex
 *fill*         0x0000000040083fe1        0x3 
 .text.vPortCPUReleaseMutex
                0x0000000040083fe4       0x4d /Users/nliang/esp/wheel/build/freertos/libfreertos.a(port.o)
                                         0x50 (size before relaxing)
                0x0000000040083fe4                vPortCPUReleaseMutex
 *fill*         0x0000000040084031        0x3 
 .text.prvIsQueueFull
                0x0000000040084034       0x2a /Users/nliang/esp/wheel/build/freertos/libfreertos.a(queue.o)
 *fill*         0x000000004008405e        0x2 
 .text.prvCopyDataToQueue
                0x0000000040084060       0x9e /Users/nliang/esp/wheel/build/freertos/libfreertos.a(queue.o)
 *fill*         0x00000000400840fe        0x2 
 .text.prvNotifyQueueSetContainer
                0x0000000040084100       0x77 /Users/nliang/esp/wheel/build/freertos/libfreertos.a(queue.o)
                                         0x8a (size before relaxing)
 *fill*         0x0000000040084177        0x1 
 .text.prvCopyDataFromQueue
                0x0000000040084178       0x24 /Users/nliang/esp/wheel/build/freertos/libfreertos.a(queue.o)
 .text.xQueueGenericReset
                0x000000004008419c       0x86 /Users/nliang/esp/wheel/build/freertos/libfreertos.a(queue.o)
                                         0x96 (size before relaxing)
                0x000000004008419c                xQueueGenericReset
 *fill*         0x0000000040084222        0x2 
 .text.prvInitialiseNewQueue
                0x0000000040084224       0x1f /Users/nliang/esp/wheel/build/freertos/libfreertos.a(queue.o)
                                         0x23 (size before relaxing)
 *fill*         0x0000000040084243        0x1 
 .text.xQueueGenericCreate
                0x0000000040084244       0x49 /Users/nliang/esp/wheel/build/freertos/libfreertos.a(queue.o)
                                         0x4d (size before relaxing)
                0x0000000040084244                xQueueGenericCreate
 *fill*         0x000000004008428d        0x3 
 .text.xQueueGetMutexHolder
                0x0000000040084290       0x23 /Users/nliang/esp/wheel/build/freertos/libfreertos.a(queue.o)
                0x0000000040084290                xQueueGetMutexHolder
 *fill*         0x00000000400842b3        0x1 
 .text.xQueueCreateCountingSemaphore
                0x00000000400842b4       0x66 /Users/nliang/esp/wheel/build/freertos/libfreertos.a(queue.o)
                                         0x6a (size before relaxing)
                0x00000000400842b4                xQueueCreateCountingSemaphore
 *fill*         0x000000004008431a        0x2 
 .text.xQueueGenericSend
                0x000000004008431c      0x158 /Users/nliang/esp/wheel/build/freertos/libfreertos.a(queue.o)
                                        0x18c (size before relaxing)
                0x000000004008431c                xQueueGenericSend
 .text.prvInitialiseMutex
                0x0000000040084474       0x22 /Users/nliang/esp/wheel/build/freertos/libfreertos.a(queue.o)
                                         0x26 (size before relaxing)
 *fill*         0x0000000040084496        0x2 
 .text.xQueueCreateMutex
                0x0000000040084498       0x16 /Users/nliang/esp/wheel/build/freertos/libfreertos.a(queue.o)
                                         0x1a (size before relaxing)
                0x0000000040084498                xQueueCreateMutex
 *fill*         0x00000000400844ae        0x2 
 .text.xQueueGiveMutexRecursive
                0x00000000400844b0       0x48 /Users/nliang/esp/wheel/build/freertos/libfreertos.a(queue.o)
                                         0x4c (size before relaxing)
                0x00000000400844b0                xQueueGiveMutexRecursive
 .text.xQueueGenericSendFromISR
                0x00000000400844f8       0xd6 /Users/nliang/esp/wheel/build/freertos/libfreertos.a(queue.o)
                                         0xe6 (size before relaxing)
                0x00000000400844f8                xQueueGenericSendFromISR
 *fill*         0x00000000400845ce        0x2 
 .text.xQueueGiveFromISR
                0x00000000400845d0       0xb6 /Users/nliang/esp/wheel/build/freertos/libfreertos.a(queue.o)
                                         0xc2 (size before relaxing)
                0x00000000400845d0                xQueueGiveFromISR
 *fill*         0x0000000040084686        0x2 
 .text.xQueueGenericReceive
                0x0000000040084688      0x144 /Users/nliang/esp/wheel/build/freertos/libfreertos.a(queue.o)
                                        0x178 (size before relaxing)
                0x0000000040084688                xQueueGenericReceive
 .text.xQueueTakeMutexRecursive
                0x00000000400847cc       0x51 /Users/nliang/esp/wheel/build/freertos/libfreertos.a(queue.o)
                0x00000000400847cc                xQueueTakeMutexRecursive
 *fill*         0x000000004008481d        0x3 
 .text.xQueueReceiveFromISR
                0x0000000040084820       0x96 /Users/nliang/esp/wheel/build/freertos/libfreertos.a(queue.o)
                                         0xa6 (size before relaxing)
                0x0000000040084820                xQueueReceiveFromISR
 *fill*         0x00000000400848b6        0x2 
 .text.vQueueDelete
                0x00000000400848b8       0x28 /Users/nliang/esp/wheel/build/freertos/libfreertos.a(queue.o)
                0x00000000400848b8                vQueueDelete
 .text.vQueueWaitForMessageRestricted
                0x00000000400848e0       0x23 /Users/nliang/esp/wheel/build/freertos/libfreertos.a(queue.o)
                                         0x2a (size before relaxing)
                0x00000000400848e0                vQueueWaitForMessageRestricted
 *fill*         0x0000000040084903        0x1 
 .text.prvResetNextTaskUnblockTime
                0x0000000040084904       0x34 /Users/nliang/esp/wheel/build/freertos/libfreertos.a(tasks.o)
 .text.prvDeleteTLS
                0x0000000040084938       0x40 /Users/nliang/esp/wheel/build/freertos/libfreertos.a(tasks.o)
 .text.prvInitialiseNewTask
                0x0000000040084978       0xc4 /Users/nliang/esp/wheel/build/freertos/libfreertos.a(tasks.o)
                                         0xd0 (size before relaxing)
 .text.prvInitialiseTaskLists
                0x0000000040084a3c       0x5a /Users/nliang/esp/wheel/build/freertos/libfreertos.a(tasks.o)
                                         0x6e (size before relaxing)
 *fill*         0x0000000040084a96        0x2 
 .text.prvDeleteTCB
                0x0000000040084a98       0x56 /Users/nliang/esp/wheel/build/freertos/libfreertos.a(tasks.o)
                                         0x5d (size before relaxing)
 *fill*         0x0000000040084aee        0x2 
 .text.prvAddCurrentTaskToDelayedList
                0x0000000040084af0       0x66 /Users/nliang/esp/wheel/build/freertos/libfreertos.a(tasks.o)
                                         0x6a (size before relaxing)
 *fill*         0x0000000040084b56        0x2 
 .text.taskYIELD_OTHER_CORE
                0x0000000040084b58       0x53 /Users/nliang/esp/wheel/build/freertos/libfreertos.a(tasks.o)
                0x0000000040084b58                taskYIELD_OTHER_CORE
 *fill*         0x0000000040084bab        0x1 
 .text.vTaskSuspendAll
                0x0000000040084bac       0x26 /Users/nliang/esp/wheel/build/freertos/libfreertos.a(tasks.o)
                0x0000000040084bac                vTaskSuspendAll
 *fill*         0x0000000040084bd2        0x2 
 .text.xTaskGetIdleTaskHandleForCPU
                0x0000000040084bd4       0x2a /Users/nliang/esp/wheel/build/freertos/libfreertos.a(tasks.o)
                                         0x2e (size before relaxing)
                0x0000000040084bd4                xTaskGetIdleTaskHandleForCPU
 *fill*         0x0000000040084bfe        0x2 
 .text.vTaskSwitchContext
                0x0000000040084c00      0x27e /Users/nliang/esp/wheel/build/freertos/libfreertos.a(tasks.o)
                                        0x28a (size before relaxing)
                0x0000000040084c00                vTaskSwitchContext
 *fill*         0x0000000040084e7e        0x2 
 .text.vTaskSetTimeOutState
                0x0000000040084e80       0x34 /Users/nliang/esp/wheel/build/freertos/libfreertos.a(tasks.o)
                0x0000000040084e80                vTaskSetTimeOutState
 .text.xTaskGetCurrentTaskHandle
                0x0000000040084eb4       0x1f /Users/nliang/esp/wheel/build/freertos/libfreertos.a(tasks.o)
                0x0000000040084eb4                xTaskGetCurrentTaskHandle
 *fill*         0x0000000040084ed3        0x1 
 .text.__getreent
                0x0000000040084ed4       0x19 /Users/nliang/esp/wheel/build/freertos/libfreertos.a(tasks.o)
                0x0000000040084ed4                __getreent
 *fill*         0x0000000040084eed        0x3 
 .text.pcTaskGetTaskName
                0x0000000040084ef0       0x2a /Users/nliang/esp/wheel/build/freertos/libfreertos.a(tasks.o)
                                         0x2d (size before relaxing)
                0x0000000040084ef0                pcTaskGetTaskName
 *fill*         0x0000000040084f1a        0x2 
 .text.xTaskGetAffinity
                0x0000000040084f1c       0x10 /Users/nliang/esp/wheel/build/freertos/libfreertos.a(tasks.o)
                                         0x13 (size before relaxing)
                0x0000000040084f1c                xTaskGetAffinity
 *fill*         0x0000000040084f2c        0x0 
 .text.xTaskGetCurrentTaskHandleForCPU
                0x0000000040084f2c       0x18 /Users/nliang/esp/wheel/build/freertos/libfreertos.a(tasks.o)
                0x0000000040084f2c                xTaskGetCurrentTaskHandleForCPU
 .text.xTaskGetSchedulerState
                0x0000000040084f44       0x37 /Users/nliang/esp/wheel/build/freertos/libfreertos.a(tasks.o)
                0x0000000040084f44                xTaskGetSchedulerState
 *fill*         0x0000000040084f7b        0x1 
 .text.vTaskEnterCritical
                0x0000000040084f7c       0xac /Users/nliang/esp/wheel/build/freertos/libfreertos.a(tasks.o)
                                         0xb3 (size before relaxing)
                0x0000000040084f7c                vTaskEnterCritical
 *fill*         0x0000000040085028        0x0 
 .text.vTaskExitCritical
                0x0000000040085028       0x77 /Users/nliang/esp/wheel/build/freertos/libfreertos.a(tasks.o)
                0x0000000040085028                vTaskExitCritical
 *fill*         0x000000004008509f        0x1 
 .text.prvAddNewTaskToReadyList
                0x00000000400850a0      0x160 /Users/nliang/esp/wheel/build/freertos/libfreertos.a(tasks.o)
                                        0x173 (size before relaxing)
 *fill*         0x0000000040085200        0x0 
 .text.xTaskCreatePinnedToCore
                0x0000000040085200       0x6e /Users/nliang/esp/wheel/build/freertos/libfreertos.a(tasks.o)
                                         0x76 (size before relaxing)
                0x0000000040085200                xTaskCreatePinnedToCore
 *fill*         0x000000004008526e        0x2 
 .text.vTaskStartScheduler
                0x0000000040085270       0x77 /Users/nliang/esp/wheel/build/freertos/libfreertos.a(tasks.o)
                                         0x82 (size before relaxing)
                0x0000000040085270                vTaskStartScheduler
 *fill*         0x00000000400852e7        0x1 
 .text.vTaskDelete
                0x00000000400852e8      0x10a /Users/nliang/esp/wheel/build/freertos/libfreertos.a(tasks.o)
                                        0x122 (size before relaxing)
                0x00000000400852e8                vTaskDelete
 *fill*         0x00000000400853f2        0x2 
 .text.vTaskDelay
                0x00000000400853f4       0x70 /Users/nliang/esp/wheel/build/freertos/libfreertos.a(tasks.o)
                                         0x80 (size before relaxing)
                0x00000000400853f4                vTaskDelay
 .text.uxTaskPriorityGet
                0x0000000040085464       0x1c /Users/nliang/esp/wheel/build/freertos/libfreertos.a(tasks.o)
                                         0x23 (size before relaxing)
                0x0000000040085464                uxTaskPriorityGet
 *fill*         0x0000000040085480        0x0 
 .text.vTaskPrioritySet
                0x0000000040085480      0x12d /Users/nliang/esp/wheel/build/freertos/libfreertos.a(tasks.o)
                                        0x143 (size before relaxing)
                0x0000000040085480                vTaskPrioritySet
 *fill*         0x00000000400855ad        0x3 
 .text.prvCheckTasksWaitingTermination
                0x00000000400855b0       0xbe /Users/nliang/esp/wheel/build/freertos/libfreertos.a(tasks.o)
                                         0xc6 (size before relaxing)
 *fill*         0x000000004008566e        0x2 
 .text.prvIdleTask
                0x0000000040085670        0xf /Users/nliang/esp/wheel/build/freertos/libfreertos.a(tasks.o)
                                         0x18 (size before relaxing)
 *fill*         0x000000004008567f        0x1 
 .text.xTaskGetTickCount
                0x0000000040085680       0x1c /Users/nliang/esp/wheel/build/freertos/libfreertos.a(tasks.o)
                                         0x20 (size before relaxing)
                0x0000000040085680                xTaskGetTickCount
 .text.xTaskIncrementTick
                0x000000004008569c      0x1b2 /Users/nliang/esp/wheel/build/freertos/libfreertos.a(tasks.o)
                                        0x1ce (size before relaxing)
                0x000000004008569c                xTaskIncrementTick
 *fill*         0x000000004008584e        0x2 
 .text.xTaskResumeAll
                0x0000000040085850      0x177 /Users/nliang/esp/wheel/build/freertos/libfreertos.a(tasks.o)
                                        0x186 (size before relaxing)
                0x0000000040085850                xTaskResumeAll
 *fill*         0x00000000400859c7        0x1 
 .text.vTaskPlaceOnEventList
                0x00000000400859c8       0x83 /Users/nliang/esp/wheel/build/freertos/libfreertos.a(tasks.o)
                                         0x97 (size before relaxing)
                0x00000000400859c8                vTaskPlaceOnEventList
 *fill*         0x0000000040085a4b        0x1 
 .text.vTaskPlaceOnEventListRestricted
                0x0000000040085a4c       0x5b /Users/nliang/esp/wheel/build/freertos/libfreertos.a(tasks.o)
                                         0x6f (size before relaxing)
                0x0000000040085a4c                vTaskPlaceOnEventListRestricted
 *fill*         0x0000000040085aa7        0x1 
 .text.xTaskRemoveFromEventList
                0x0000000040085aa8      0x134 /Users/nliang/esp/wheel/build/freertos/libfreertos.a(tasks.o)
                                        0x143 (size before relaxing)
                0x0000000040085aa8                xTaskRemoveFromEventList
 *fill*         0x0000000040085bdc        0x0 
 .text.xTaskCheckForTimeOut
                0x0000000040085bdc       0x89 /Users/nliang/esp/wheel/build/freertos/libfreertos.a(tasks.o)
                                         0x94 (size before relaxing)
                0x0000000040085bdc                xTaskCheckForTimeOut
 *fill*         0x0000000040085c65        0x3 
 .text.vTaskPriorityInherit
                0x0000000040085c68       0xc4 /Users/nliang/esp/wheel/build/freertos/libfreertos.a(tasks.o)
                                         0xdb (size before relaxing)
                0x0000000040085c68                vTaskPriorityInherit
 *fill*         0x0000000040085d2c        0x0 
 .text.xTaskPriorityDisinherit
                0x0000000040085d2c       0x97 /Users/nliang/esp/wheel/build/freertos/libfreertos.a(tasks.o)
                                         0xaa (size before relaxing)
                0x0000000040085d2c                xTaskPriorityDisinherit
 *fill*         0x0000000040085dc3        0x1 
 .text.pvTaskIncrementMutexHeldCount
                0x0000000040085dc4       0x50 /Users/nliang/esp/wheel/build/freertos/libfreertos.a(tasks.o)
                                         0x54 (size before relaxing)
                0x0000000040085dc4                pvTaskIncrementMutexHeldCount
 .text.prvGetNextExpireTime
                0x0000000040085e14       0x20 /Users/nliang/esp/wheel/build/freertos/libfreertos.a(timers.o)
 .text.prvInsertTimerInActiveList
                0x0000000040085e34       0x50 /Users/nliang/esp/wheel/build/freertos/libfreertos.a(timers.o)
                                         0x54 (size before relaxing)
 .text.prvCheckForValidListAndQueue
                0x0000000040085e84       0x66 /Users/nliang/esp/wheel/build/freertos/libfreertos.a(timers.o)
                                         0x7e (size before relaxing)
 *fill*         0x0000000040085eea        0x2 
 .text.xTimerCreateTimerTask
                0x0000000040085eec       0x48 /Users/nliang/esp/wheel/build/freertos/libfreertos.a(timers.o)
                                         0x4c (size before relaxing)
                0x0000000040085eec                xTimerCreateTimerTask
 .text.xTimerGenericCommand
                0x0000000040085f34       0x55 /Users/nliang/esp/wheel/build/freertos/libfreertos.a(timers.o)
                                         0x5d (size before relaxing)
                0x0000000040085f34                xTimerGenericCommand
 *fill*         0x0000000040085f89        0x3 
 .text.prvSwitchTimerLists
                0x0000000040085f8c       0x76 /Users/nliang/esp/wheel/build/freertos/libfreertos.a(timers.o)
                                         0x82 (size before relaxing)
 *fill*         0x0000000040086002        0x2 
 .text.prvSampleTimeNow
                0x0000000040086004       0x2b /Users/nliang/esp/wheel/build/freertos/libfreertos.a(timers.o)
                                         0x2f (size before relaxing)
 *fill*         0x000000004008602f        0x1 
 .text.prvProcessExpiredTimer
                0x0000000040086030       0x53 /Users/nliang/esp/wheel/build/freertos/libfreertos.a(timers.o)
                                         0x5f (size before relaxing)
 *fill*         0x0000000040086083        0x1 
 .text.prvProcessTimerOrBlockTask
                0x0000000040086084       0x58 /Users/nliang/esp/wheel/build/freertos/libfreertos.a(timers.o)
                                         0x6c (size before relaxing)
 .text.prvProcessReceivedCommands
                0x00000000400860dc       0xd6 /Users/nliang/esp/wheel/build/freertos/libfreertos.a(timers.o)
                                         0xe6 (size before relaxing)
 *fill*         0x00000000400861b2        0x2 
 .text.prvTimerTask
                0x00000000400861b4       0x15 /Users/nliang/esp/wheel/build/freertos/libfreertos.a(timers.o)
                                         0x1d (size before relaxing)
 *fill*         0x00000000400861c9        0x3 
 .text._xt_tick_divisor_init
                0x00000000400861cc       0x1c /Users/nliang/esp/wheel/build/freertos/libfreertos.a(xtensa_init.o)
                                         0x1f (size before relaxing)
                0x00000000400861cc                _xt_tick_divisor_init
 *fill*         0x00000000400861e8        0x0 
 .text.xt_unhandled_interrupt
                0x00000000400861e8       0x16 /Users/nliang/esp/wheel/build/freertos/libfreertos.a(xtensa_intr.o)
                0x00000000400861e8                xt_unhandled_interrupt
 *fill*         0x00000000400861fe        0x2 
 .text.xt_set_interrupt_handler
                0x0000000040086200       0x46 /Users/nliang/esp/wheel/build/freertos/libfreertos.a(xtensa_intr.o)
                0x0000000040086200                xt_set_interrupt_handler
 *fill*         0x0000000040086246        0x2 
 .text          0x0000000040086248      0x1d0 /Users/nliang/esp/wheel/build/freertos/libfreertos.a(portasm.o)
                0x0000000040086248                _frxt_setup_switch
                0x0000000040086260                _frxt_int_enter
                0x00000000400862a8                _frxt_int_exit
                0x00000000400862f8                _frxt_timer_int
                0x0000000040086320                _frxt_tick_timer_init
                0x0000000040086338                _frxt_dispatch
                0x0000000040086380                vPortYield
                0x00000000400863cc                vPortYieldFromInt
                0x00000000400863ec                _frxt_task_coproc_state
 .text          0x0000000040086418      0x12b /Users/nliang/esp/wheel/build/freertos/libfreertos.a(xtensa_context.o)
                0x0000000040086418                _xt_context_save
                0x0000000040086480                _xt_context_restore
                0x00000000400864c4                _xt_coproc_init
                0x00000000400864d8                _xt_coproc_release
                0x0000000040086504                _xt_coproc_savecs
                0x0000000040086524                _xt_coproc_restorecs
 *fill*         0x0000000040086543        0x1 
 .text.prvGetFreeSize
                0x0000000040086544       0x3c /Users/nliang/esp/wheel/build/freertos/libfreertos.a(ringbuf.o)
                                         0x40 (size before relaxing)
 .text.prvReceiveGeneric
                0x0000000040086580      0x128 /Users/nliang/esp/wheel/build/freertos/libfreertos.a(ringbuf.o)
                                        0x13c (size before relaxing)
 .text.xRingbufferSend
                0x00000000400866a8       0xfd /Users/nliang/esp/wheel/build/freertos/libfreertos.a(ringbuf.o)
                                        0x111 (size before relaxing)
                0x00000000400866a8                xRingbufferSend
 *fill*         0x00000000400867a5        0x3 
 .text.xRingbufferReceive
                0x00000000400867a8       0x45 /Users/nliang/esp/wheel/build/freertos/libfreertos.a(ringbuf.o)
                0x00000000400867a8                xRingbufferReceive
 *fill*         0x00000000400867ed        0x3 
 .text.vRingbufferReturnItem
                0x00000000400867f0       0x5a /Users/nliang/esp/wheel/build/freertos/libfreertos.a(ringbuf.o)
                                         0x66 (size before relaxing)
                0x00000000400867f0                vRingbufferReturnItem
 *fill*         0x000000004008684a        0x0 
 *fill*         0x000000004008684a        0x0 
 *fill*         0x000000004008684a        0x0 
 *fill*         0x000000004008684a        0x0 
 *fill*         0x000000004008684a        0x2 
 .text.vPortStoreTaskMPUSettings
                0x000000004008684c       0x13 /Users/nliang/esp/wheel/build/freertos/libfreertos.a(port.o)
                0x000000004008684c                vPortStoreTaskMPUSettings
 *fill*         0x000000004008685f        0x0 
 *fill*         0x000000004008685f        0x0 
 *fill*         0x000000004008685f        0x0 
 *fill*         0x000000004008685f        0x1 
 .text.prvIsQueueEmpty
                0x0000000040086860       0x12 /Users/nliang/esp/wheel/build/freertos/libfreertos.a(queue.o)
 *fill*         0x0000000040086872        0x0 
 *fill*         0x0000000040086872        0x0 
 *fill*         0x0000000040086872        0x0 
 *fill*         0x0000000040086872        0x0 
 *fill*         0x0000000040086872        0x0 
 *fill*         0x0000000040086872        0x0 
 *fill*         0x0000000040086872        0x0 
 *fill*         0x0000000040086872        0x0 
 *fill*         0x0000000040086872        0x0 
 *fill*         0x0000000040086872        0x0 
 *fill*         0x0000000040086872        0x0 
 *fill*         0x0000000040086872        0x0 
 *fill*         0x0000000040086872        0x0 
 *fill*         0x0000000040086872        0x0 
 *fill*         0x0000000040086872        0x0 
 *fill*         0x0000000040086872        0x0 
 *fill*         0x0000000040086872        0x0 
 *fill*         0x0000000040086872        0x0 
 *fill*         0x0000000040086872        0x0 
 *fill*         0x0000000040086872        0x0 
 *fill*         0x0000000040086872        0x0 
 *fill*         0x0000000040086872        0x0 
 *fill*         0x0000000040086872        0x0 
 *fill*         0x0000000040086872        0x0 
 *fill*         0x0000000040086872        0x0 
 *fill*         0x0000000040086872        0x0 
 *fill*         0x0000000040086872        0x0 
 *fill*         0x0000000040086872        0x0 
 *fill*         0x0000000040086872        0x0 
 *fill*         0x0000000040086872        0x0 
 *fill*         0x0000000040086872        0x0 
 *fill*         0x0000000040086872        0x0 
 *fill*         0x0000000040086872        0x0 
 *fill*         0x0000000040086872        0x0 
 *fill*         0x0000000040086872        0x0 
 *fill*         0x0000000040086872        0x0 
 *fill*         0x0000000040086872        0x0 
 *fill*         0x0000000040086872        0x0 
 *fill*         0x0000000040086872        0x0 
 *fill*         0x0000000040086872        0x0 
 *fill*         0x0000000040086872        0x0 
 *fill*         0x0000000040086872        0x0 
 *fill*         0x0000000040086872        0x0 
 *fill*         0x0000000040086872        0x0 
 *fill*         0x0000000040086872        0x0 
 *fill*         0x0000000040086872        0x0 
 *fill*         0x0000000040086872        0x0 
 *fill*         0x0000000040086872        0x0 
 *fill*         0x0000000040086872        0x0 
 *fill*         0x0000000040086872        0x0 
 *fill*         0x0000000040086872        0x0 
 *fill*         0x0000000040086872        0x0 
 *fill*         0x0000000040086872        0x0 
 *fill*         0x0000000040086872        0x0 
 *fill*         0x0000000040086872        0x2 
 .text          0x0000000040086874       0x33 /Users/nliang/esp/wheel/build/freertos/libfreertos.a(xtensa_intr_asm.o)
                0x0000000040086874                xt_ints_on
                0x000000004008688c                xt_ints_off
 *fill*         0x00000000400868a7        0x1 
 .text.vListInitialise
                0x00000000400868a8       0x15 /Users/nliang/esp/wheel/build/freertos/libfreertos.a(list.o)
                0x00000000400868a8                vListInitialise
 *fill*         0x00000000400868bd        0x3 
 .text.vListInitialiseItem
                0x00000000400868c0        0x9 /Users/nliang/esp/wheel/build/freertos/libfreertos.a(list.o)
                0x00000000400868c0                vListInitialiseItem
 *fill*         0x00000000400868c9        0x3 
 .text.vListInsertEnd
                0x00000000400868cc       0x1b /Users/nliang/esp/wheel/build/freertos/libfreertos.a(list.o)
                0x00000000400868cc                vListInsertEnd
 *fill*         0x00000000400868e7        0x1 
 .text.vListInsert
                0x00000000400868e8       0x2f /Users/nliang/esp/wheel/build/freertos/libfreertos.a(list.o)
                0x00000000400868e8                vListInsert
 *fill*         0x0000000040086917        0x1 
 .text.uxListRemove
                0x0000000040086918       0x26 /Users/nliang/esp/wheel/build/freertos/libfreertos.a(list.o)
                0x0000000040086918                uxListRemove
 *fill*         0x000000004008693e        0x2 
 .text.prvCheckItemAvail
                0x0000000040086940       0x34 /Users/nliang/esp/wheel/build/freertos/libfreertos.a(ringbuf.o)
 *fill*         0x0000000040086974        0x0 
 *fill*         0x0000000040086974        0x0 
 *libheap.a:multi_heap.o(.literal .text .literal.* .text.*)
 .text.get_prev_free_block
                0x0000000040086974       0x68 /Users/nliang/esp/wheel/build/heap/libheap.a(multi_heap.o)
                                         0x77 (size before relaxing)
 *fill*         0x00000000400869dc        0x0 
 .text.split_if_necessary
                0x00000000400869dc      0x138 /Users/nliang/esp/wheel/build/heap/libheap.a(multi_heap.o)
                                        0x148 (size before relaxing)
 .text.assert_valid_block
                0x0000000040086b14       0xb0 /Users/nliang/esp/wheel/build/heap/libheap.a(multi_heap.o)
                                         0xb4 (size before relaxing)
 .text.merge_adjacent
                0x0000000040086bc4      0x12c /Users/nliang/esp/wheel/build/heap/libheap.a(multi_heap.o)
                                        0x140 (size before relaxing)
 .text.multi_heap_get_allocated_size_impl
                0x0000000040086cf0       0x38 /Users/nliang/esp/wheel/build/heap/libheap.a(multi_heap.o)
                                         0x3c (size before relaxing)
                0x0000000040086cf0                multi_heap_get_allocated_size
                0x0000000040086cf0                multi_heap_get_allocated_size_impl
 .text.multi_heap_malloc_impl
                0x0000000040086d28      0x110 /Users/nliang/esp/wheel/build/heap/libheap.a(multi_heap.o)
                                        0x120 (size before relaxing)
                0x0000000040086d28                multi_heap_malloc
                0x0000000040086d28                multi_heap_malloc_impl
 .text.multi_heap_free_impl
                0x0000000040086e38      0x130 /Users/nliang/esp/wheel/build/heap/libheap.a(multi_heap.o)
                                        0x14c (size before relaxing)
                0x0000000040086e38                multi_heap_free
                0x0000000040086e38                multi_heap_free_impl
 .text.multi_heap_realloc_impl
                0x0000000040086f68      0x258 /Users/nliang/esp/wheel/build/heap/libheap.a(multi_heap.o)
                                        0x274 (size before relaxing)
                0x0000000040086f68                multi_heap_realloc
                0x0000000040086f68                multi_heap_realloc_impl
 *fill*         0x00000000400871c0        0x0 
 *fill*         0x00000000400871c0        0x0 
 .text.multi_heap_register_impl
                0x00000000400871c0       0x51 /Users/nliang/esp/wheel/build/heap/libheap.a(multi_heap.o)
                0x00000000400871c0                multi_heap_register_impl
                0x00000000400871c0                multi_heap_register
 *fill*         0x0000000040087211        0x3 
 .text.multi_heap_set_lock