Archive member included to satisfy reference by file (symbol)

/Users/linbma/esp/quest2/build/cxx/libcxx.a(cxx_exception_stubs.o)
                              (__cxx_fatal_exception)
/Users/linbma/esp/quest2/build/cxx/libcxx.a(cxx_guards.o)
                              (__cxa_guard_dummy)
/Users/linbma/esp/quest2/build/esp32/libesp32.a(cpu_start.o)
                              (call_start_cpu0)
/Users/linbma/esp/quest2/build/esp32/libesp32.a(crosscore_int.o)
                              /Users/linbma/esp/quest2/build/esp32/libesp32.a(cpu_start.o) (esp_crosscore_int_init)
/Users/linbma/esp/quest2/build/esp32/libesp32.a(dbg_stubs.o)
                              /Users/linbma/esp/quest2/build/esp32/libesp32.a(cpu_start.o) (esp_dbg_stubs_init)
/Users/linbma/esp/quest2/build/esp32/libesp32.a(dport_access.o)
                              /Users/linbma/esp/quest2/build/esp32/libesp32.a(cpu_start.o) (esp_dport_access_stall_other_cpu_start)
/Users/linbma/esp/quest2/build/esp32/libesp32.a(esp_timer.o)
                              /Users/linbma/esp/quest2/build/esp32/libesp32.a(cpu_start.o) (esp_timer_init)
/Users/linbma/esp/quest2/build/esp32/libesp32.a(esp_timer_esp32.o)
                              /Users/linbma/esp/quest2/build/esp32/libesp32.a(esp_timer.o) (esp_timer_impl_get_time)
/Users/linbma/esp/quest2/build/esp32/libesp32.a(int_wdt.o)
                              /Users/linbma/esp/quest2/build/esp32/libesp32.a(cpu_start.o) (esp_int_wdt_init)
/Users/linbma/esp/quest2/build/esp32/libesp32.a(intr_alloc.o)
                              /Users/linbma/esp/quest2/build/esp32/libesp32.a(esp_timer_esp32.o) (esp_intr_enable)
/Users/linbma/esp/quest2/build/esp32/libesp32.a(ipc.o)
                              /Users/linbma/esp/quest2/build/esp32/libesp32.a(cpu_start.o) (esp_ipc_init)
/Users/linbma/esp/quest2/build/esp32/libesp32.a(panic.o)
                              /Users/linbma/esp/quest2/build/cxx/libcxx.a(cxx_exception_stubs.o) (abort)
/Users/linbma/esp/quest2/build/esp32/libesp32.a(system_api.o)
                              /Users/linbma/esp/quest2/build/esp32/libesp32.a(panic.o) (esp_restart_noos)
/Users/linbma/esp/quest2/build/esp32/libesp32.a(task_wdt.o)
                              /Users/linbma/esp/quest2/build/esp32/libesp32.a(cpu_start.o) (esp_task_wdt_init)
/Users/linbma/esp/quest2/build/esp32/libesp32.a(dport_panic_highint_hdl.o)
                              (ld_include_panic_highint_hdl)
/Users/linbma/esp/quest2/build/esp32/libesp32.a(brownout.o)
                              /Users/linbma/esp/quest2/build/esp32/libesp32.a(cpu_start.o) (esp_brownout_init)
/Users/linbma/esp/quest2/build/esp32/libesp32.a(cache_err_int.o)
                              /Users/linbma/esp/quest2/build/esp32/libesp32.a(cpu_start.o) (esp_cache_err_int_init)
/Users/linbma/esp/quest2/build/esp32/libesp32.a(clk.o)
                              /Users/linbma/esp/quest2/build/esp32/libesp32.a(cpu_start.o) (esp_clk_init)
/Users/linbma/esp/quest2/build/esp32/libesp32.a(esp_err_to_name.o)
                              /Users/linbma/esp/quest2/build/esp32/libesp32.a(panic.o) (esp_err_to_name)
/Users/linbma/esp/quest2/build/esp32/libesp32.a(freertos_hooks.o)
                              /Users/linbma/esp/quest2/build/esp32/libesp32.a(task_wdt.o) (esp_register_freertos_idle_hook_for_cpu)
/Users/linbma/esp/esp-idf/components/esp32/libhal.a(int_asm--set_intclear.o)
                              /Users/linbma/esp/quest2/build/esp32/libesp32.a(intr_alloc.o) (xthal_set_intclear)
/Users/linbma/esp/quest2/build/freertos/libfreertos.a(FreeRTOS-openocd.o)
                              (uxTopUsedPriority)
/Users/linbma/esp/quest2/build/freertos/libfreertos.a(port.o)
                              /Users/linbma/esp/quest2/build/esp32/libesp32.a(cpu_start.o) (port_xSchedulerRunning)
/Users/linbma/esp/quest2/build/freertos/libfreertos.a(queue.o)
                              /Users/linbma/esp/quest2/build/esp32/libesp32.a(ipc.o) (xQueueGenericCreate)
/Users/linbma/esp/quest2/build/freertos/libfreertos.a(tasks.o)
                              /Users/linbma/esp/quest2/build/esp32/libesp32.a(system_api.o) (vTaskSuspendAll)
/Users/linbma/esp/quest2/build/freertos/libfreertos.a(timers.o)
                              /Users/linbma/esp/quest2/build/freertos/libfreertos.a(tasks.o) (xTimerCreateTimerTask)
/Users/linbma/esp/quest2/build/freertos/libfreertos.a(xtensa_init.o)
                              /Users/linbma/esp/quest2/build/freertos/libfreertos.a(port.o) (_xt_tick_divisor_init)
/Users/linbma/esp/quest2/build/freertos/libfreertos.a(xtensa_intr.o)
                              /Users/linbma/esp/quest2/build/esp32/libesp32.a(intr_alloc.o) (xt_unhandled_interrupt)
/Users/linbma/esp/quest2/build/freertos/libfreertos.a(portasm.o)
                              /Users/linbma/esp/quest2/build/esp32/libesp32.a(crosscore_int.o) (_frxt_setup_switch)
/Users/linbma/esp/quest2/build/freertos/libfreertos.a(xtensa_context.o)
[...]
Memory Configuration

Name             Origin             Length             Attributes
iram0_0_seg      0x0000000040080000 0x0000000000020000 xr
iram0_2_seg      0x00000000400d0018 0x000000000032ffe8 xr
dram0_0_seg      0x000000003ffb0000 0x000000000002c200 rw
drom0_0_seg      0x000000003f400018 0x00000000003fffe8 r
rtc_iram_seg     0x00000000400c0000 0x0000000000002000 xrw
rtc_slow_seg     0x0000000050000000 0x0000000000001000 rw
*default*        0x0000000000000000 0xffffffffffffffff

Linker script and memory map

START GROUP
LOAD /Users/linbma/esp/quest2/build/app_trace/libapp_trace.a
LOAD /Users/linbma/esp/quest2/build/app_update/libapp_update.a
LOAD /Users/linbma/esp/quest2/build/asio/libasio.a
LOAD /Users/linbma/esp/quest2/build/bootloader_support/libbootloader_support.a
LOAD /Users/linbma/esp/quest2/build/bt/libbt.a
LOAD /Users/linbma/esp/quest2/build/coap/libcoap.a
LOAD /Users/linbma/esp/quest2/build/console/libconsole.a
LOAD /Users/linbma/esp/quest2/build/cxx/libcxx.a
LOAD /Users/linbma/esp/quest2/build/driver/libdriver.a
LOAD /Users/linbma/esp/quest2/build/esp-tls/libesp-tls.a
LOAD /Users/linbma/esp/quest2/build/esp32/libesp32.a
LOAD /Users/linbma/esp/esp-idf/components/esp32/libhal.a
LOAD /Users/linbma/esp/esp-idf/components/esp32/lib/libcore.a
LOAD /Users/linbma/esp/esp-idf/components/esp32/lib/librtc.a
LOAD /Users/linbma/esp/esp-idf/components/esp32/lib/libnet80211.a
LOAD /Users/linbma/esp/esp-idf/components/esp32/lib/libpp.a
LOAD /Users/linbma/esp/esp-idf/components/esp32/lib/libwpa.a
LOAD /Users/linbma/esp/esp-idf/components/esp32/lib/libsmartconfig.a
LOAD /Users/linbma/esp/esp-idf/components/esp32/lib/libcoexist.a
LOAD /Users/linbma/esp/esp-idf/components/esp32/lib/libwps.a
LOAD /Users/linbma/esp/esp-idf/components/esp32/lib/libwpa2.a
LOAD /Users/linbma/esp/esp-idf/components/esp32/lib/libespnow.a
LOAD /Users/linbma/esp/esp-idf/components/esp32/lib/libphy.a
LOAD /Users/linbma/esp/esp-idf/components/esp32/lib/libmesh.a
LOAD /Users/linbma/esp/quest2/build/esp_adc_cal/libesp_adc_cal.a
LOAD /Users/linbma/esp/quest2/build/esp_http_client/libesp_http_client.a
LOAD /Users/linbma/esp/quest2/build/esp_https_ota/libesp_https_ota.a
LOAD /Users/linbma/esp/quest2/build/ethernet/libethernet.a
LOAD /Users/linbma/esp/quest2/build/expat/libexpat.a
LOAD /Users/linbma/esp/quest2/build/fatfs/libfatfs.a
LOAD /Users/linbma/esp/quest2/build/freertos/libfreertos.a
LOAD /Users/linbma/esp/quest2/build/heap/libheap.a
LOAD /Users/linbma/esp/quest2/build/http_server/libhttp_server.a
LOAD /Users/linbma/esp/quest2/build/idf_test/libidf_test.a
LOAD /Users/linbma/esp/quest2/build/jsmn/libjsmn.a
LOAD /Users/linbma/esp/quest2/build/json/libjson.a
LOAD /Users/linbma/esp/quest2/build/libsodium/liblibsodium.a
LOAD /Users/linbma/esp/quest2/build/log/liblog.a
LOAD /Users/linbma/esp/quest2/build/lwip/liblwip.a
LOAD /Users/linbma/esp/quest2/build/main/libmain.a
LOAD /Users/linbma/esp/quest2/build/mbedtls/libmbedtls.a
LOAD /Users/linbma/esp/quest2/build/mdns/libmdns.a
LOAD /Users/linbma/esp/quest2/build/micro-ecc/libmicro-ecc.a
LOAD /Users/linbma/esp/esp-idf/components/newlib/lib/libc.a
LOAD /Users/linbma/esp/esp-idf/components/newlib/lib/libm.a
LOAD /Users/linbma/esp/quest2/build/newlib/libnewlib.a
LOAD /Users/linbma/esp/quest2/build/nghttp/libnghttp.a
LOAD /Users/linbma/esp/quest2/build/nvs_flash/libnvs_flash.a
LOAD /Users/linbma/esp/quest2/build/openssl/libopenssl.a
LOAD /Users/linbma/esp/quest2/build/pthread/libpthread.a
LOAD /Users/linbma/esp/quest2/build/sdmmc/libsdmmc.a
LOAD /Users/linbma/esp/quest2/build/smartconfig_ack/libsmartconfig_ack.a
LOAD /Users/linbma/esp/quest2/build/soc/libsoc.a
LOAD /Users/linbma/esp/quest2/build/spi_flash/libspi_flash.a
LOAD /Users/linbma/esp/quest2/build/spiffs/libspiffs.a
LOAD /Users/linbma/esp/quest2/build/tcpip_adapter/libtcpip_adapter.a
LOAD /Users/linbma/esp/quest2/build/ulp/libulp.a
LOAD /Users/linbma/esp/quest2/build/vfs/libvfs.a
LOAD /Users/linbma/esp/quest2/build/wear_levelling/libwear_levelling.a
LOAD /Users/linbma/esp/quest2/build/wpa_supplicant/libwpa_supplicant.a
LOAD /Users/linbma/esp/quest2/build/xtensa-debug-module/libxtensa-debug-module.a
LOAD /Users/linbma/esp/xtensa-esp32-elf/bin/../lib/gcc/xtensa-esp32-elf/5.2.0/libgcc.a
LOAD /Users/linbma/esp/xtensa-esp32-elf/bin/../lib/gcc/xtensa-esp32-elf/5.2.0/../../../../xtensa-esp32-elf/lib/libstdc++.a
LOAD /Users/linbma/esp/xtensa-esp32-elf/bin/../lib/gcc/xtensa-esp32-elf/5.2.0/libgcov.a
END GROUP
                0x0000000040000000                _heap_end = 0x40000000

.rtc.text       0x00000000400c0000        0x0
                0x00000000400c0000                . = ALIGN (0x4)
 *(.rtc.literal .rtc.text)
 *rtc_wake_stub*.*(.literal .text .literal.* .text.*)

.rtc.data       0x0000000050000000        0x0
                0x0000000050000000                _rtc_data_start = ABSOLUTE (.)
 *(.rtc.data)
 *(.rtc.rodata)
 *rtc_wake_stub*.*(.data .rodata .data.* .rodata.* .bss .bss.*)
                0x0000000050000000                _rtc_data_end = ABSOLUTE (.)

.rtc.bss        0x0000000050000000        0x0
                0x0000000050000000                _rtc_bss_start = ABSOLUTE (.)
 *rtc_wake_stub*.*(.bss .bss.*)
 *rtc_wake_stub*.*(COMMON)
 *(.rtc.bss)
                0x0000000050000000                _rtc_bss_end = ABSOLUTE (.)

.rtc_noinit     0x0000000050000000        0x0
                0x0000000050000000                . = ALIGN (0x4)
                0x0000000050000000                _rtc_noinit_start = ABSOLUTE (.)
 *(.rtc_noinit .rtc_noinit.*)
                0x0000000050000000                . = ALIGN (0x4)
                0x0000000050000000                _rtc_noinit_end = ABSOLUTE (.)

.iram0.vectors  0x0000000040080000      0x400
                0x0000000040080000                _iram_start = ABSOLUTE (.)
                0x0000000040080000                _init_start = ABSOLUTE (.)
                0x0000000000000000                . = 0x0
 *(.WindowVectors.text)
 .WindowVectors.text
                0x0000000040080000      0x16a /Users/linbma/esp/quest2/build/freertos/libfreertos.a(xtensa_vectors.o)
                0x0000000040080000                _WindowOverflow4
                0x0000000040080040                _WindowUnderflow4
                0x0000000040080050                _xt_alloca_exc
                0x0000000040080080                _WindowOverflow8
                0x00000000400800c0                _WindowUnderflow8
                0x0000000040080100                _WindowOverflow12
                0x0000000040080140                _WindowUnderflow12
                0x0000000000000180                . = 0x180
 *fill*         0x000000004008016a       0x16 
 *(.Level2InterruptVector.text)
 .Level2InterruptVector.text
                0x0000000040080180        0x6 /Users/linbma/esp/quest2/build/freertos/libfreertos.a(xtensa_vectors.o)
                0x0000000040080180                _Level2Vector
                0x00000000000001c0                . = 0x1c0
 *fill*         0x0000000040080186       0x3a 
 *(.Level3InterruptVector.text)
 .Level3InterruptVector.text
                0x00000000400801c0        0x6 /Users/linbma/esp/quest2/build/freertos/libfreertos.a(xtensa_vectors.o)
                0x00000000400801c0                _Level3Vector
                0x0000000000000200                . = 0x200
 *fill*         0x00000000400801c6       0x3a 
 *(.Level4InterruptVector.text)
 .Level4InterruptVector.text
                0x0000000040080200        0x6 /Users/linbma/esp/quest2/build/freertos/libfreertos.a(xtensa_vectors.o)
                0x0000000040080200                _Level4Vector
                0x0000000000000240                . = 0x240
 *fill*         0x0000000040080206       0x3a 
 *(.Level5InterruptVector.text)
 .Level5InterruptVector.text
                0x0000000040080240        0x6 /Users/linbma/esp/quest2/build/freertos/libfreertos.a(xtensa_vectors.o)
                0x0000000040080240                _Level5Vector
                0x0000000000000280                . = 0x280
 *fill*         0x0000000040080246       0x3a 
 *(.DebugExceptionVector.text)
 .DebugExceptionVector.text
                0x0000000040080280        0x6 /Users/linbma/esp/quest2/build/freertos/libfreertos.a(xtensa_vectors.o)
                0x0000000040080280                _DebugExceptionVector
                0x00000000000002c0                . = 0x2c0
 *fill*         0x0000000040080286       0x3a 
 *(.NMIExceptionVector.text)
 .NMIExceptionVector.text
                0x00000000400802c0        0x6 /Users/linbma/esp/quest2/build/freertos/libfreertos.a(xtensa_vectors.o)
                0x00000000400802c0                _NMIExceptionVector
                0x0000000000000300                . = 0x300
 *fill*         0x00000000400802c6       0x3a 
 *(.KernelExceptionVector.text)
 .KernelExceptionVector.text
                0x0000000040080300        0x6 /Users/linbma/esp/quest2/build/freertos/libfreertos.a(xtensa_vectors.o)
                0x0000000040080300                _KernelExceptionVector
                0x0000000000000340                . = 0x340
 *fill*         0x0000000040080306       0x3a 
 *(.UserExceptionVector.text)
 .UserExceptionVector.text
                0x0000000040080340        0x6 /Users/linbma/esp/quest2/build/freertos/libfreertos.a(xtensa_vectors.o)
                0x0000000040080340                _UserExceptionVector
                0x00000000000003c0                . = 0x3c0
 *fill*         0x0000000040080346       0x7a 
 *(.DoubleExceptionVector.text)
 .DoubleExceptionVector.text
                0x00000000400803c0        0xf /Users/linbma/esp/quest2/build/freertos/libfreertos.a(xtensa_vectors.o)
                0x00000000400803c0                _DoubleExceptionVector
                0x0000000000000400                . = 0x400
 *fill*         0x00000000400803cf       0x31 
 *(.*Vector.literal)
 *(.UserEnter.literal)
 *(.UserEnter.text)
                0x0000000040080400                . = ALIGN (0x10)
 *(.entry.text)
 *(.init.literal)
 *(.init)
                0x0000000040080400                _init_end = ABSOLUTE (.)

.iram0.text     0x0000000040080400     0x9f40
                0x0000000040080400                _iram_text_start = ABSOLUTE (.)
 *(.iram1 .iram1.*)
 .iram1.literal
                0x0000000040080400       0xa8 /Users/linbma/esp/quest2/build/esp32/libesp32.a(cpu_start.o)
                                        0x1c0 (size before relaxing)
 .iram1.literal
                0x00000000400804a8       0x1c /Users/linbma/esp/quest2/build/esp32/libesp32.a(crosscore_int.o)
                                         0x40 (size before relaxing)
 .iram1.literal
                0x00000000400804c4       0x38 /Users/linbma/esp/quest2/build/esp32/libesp32.a(dport_access.o)
                                         0x88 (size before relaxing)
 .iram1.literal
                0x00000000400804fc       0x28 /Users/linbma/esp/quest2/build/esp32/libesp32.a(esp_timer.o)
                                         0x60 (size before relaxing)
 .iram1.literal
                0x0000000040080524       0x60 /Users/linbma/esp/quest2/build/esp32/libesp32.a(esp_timer_esp32.o)
                                         0xf8 (size before relaxing)
 .iram1.literal
                0x0000000040080584        0xc /Users/linbma/esp/quest2/build/esp32/libesp32.a(int_wdt.o)
 .iram1.literal
                0x0000000040080590       0x20 /Users/linbma/esp/quest2/build/esp32/libesp32.a(intr_alloc.o)
                                         0x7c (size before relaxing)
 .iram1.literal
                0x00000000400805b0       0x20 /Users/linbma/esp/quest2/build/esp32/libesp32.a(ipc.o)
                                         0x34 (size before relaxing)
 .iram1.literal
                0x00000000400805d0       0x50 /Users/linbma/esp/quest2/build/esp32/libesp32.a(system_api.o)
                                         0xd0 (size before relaxing)
 .iram1.literal
                0x0000000040080620       0x10 /Users/linbma/esp/quest2/build/esp32/libesp32.a(dport_panic_highint_hdl.o)
                                         0x28 (size before relaxing)
 .iram1.literal
                0x0000000040080630        0xc /Users/linbma/esp/quest2/build/esp32/libesp32.a(cache_err_int.o)
                                         0x18 (size before relaxing)
 .iram1.literal
                0x000000004008063c        0xc /Users/linbma/esp/quest2/build/esp32/libesp32.a(clk.o)
                                         0x20 (size before relaxing)
 .iram1.literal
                0x0000000040080648        0x4 /Users/linbma/esp/quest2/build/esp32/libesp32.a(freertos_hooks.o)
 .iram1.literal
                0x000000004008064c        0x4 /Users/linbma/esp/quest2/build/freertos/libfreertos.a(port.o)
 .iram1.literal
                0x0000000040080650       0x44 /Users/linbma/esp/quest2/build/freertos/libfreertos.a(xtensa_vectors.o)
                                         0x68 (size before relaxing)
 .iram1.literal
                0x0000000040080694       0x58 /Users/linbma/esp/quest2/build/heap/libheap.a(heap_caps.o)
                                         0xb0 (size before relaxing)
 .iram1.literal
                0x00000000400806ec       0x24 /Users/linbma/esp/quest2/build/log/liblog.a(log.o)
                                         0x48 (size before relaxing)
 .iram1.literal
                0x0000000040080710        0x8 /Users/linbma/esp/quest2/build/main/libmain.a(quest2.o)
                                         0x14 (size before relaxing)
 .iram1.literal
                0x0000000040080718       0x14 /Users/linbma/esp/quest2/build/newlib/libnewlib.a(locks.o)
                                         0x90 (size before relaxing)
 .iram1.literal
                0x000000004008072c        0x8 /Users/linbma/esp/quest2/build/newlib/libnewlib.a(reent_init.o)
                                         0x10 (size before relaxing)
 .iram1.literal
                0x0000000040080734        0x4 /Users/linbma/esp/quest2/build/newlib/libnewlib.a(syscalls.o)
                                         0x14 (size before relaxing)
 .iram1.literal
                0x0000000040080738        0x4 /Users/linbma/esp/quest2/build/newlib/libnewlib.a(time.o)
                                         0x1c (size before relaxing)
 .iram1.literal
                0x000000004008073c       0x1c /Users/linbma/esp/quest2/build/soc/libsoc.a(cpu_util.o)
                                         0x30 (size before relaxing)
 .iram1.literal
                0x0000000040080758       0x50 /Users/linbma/esp/quest2/build/spi_flash/libspi_flash.a(cache_utils.o)
                                        0x120 (size before relaxing)
 .iram1.literal
                0x00000000400807a8       0x38 /Users/linbma/esp/quest2/build/spi_flash/libspi_flash.a(flash_ops.o)
                                         0xe4 (size before relaxing)
 .iram1.literal
                0x00000000400807e0       0x4c /Users/linbma/esp/quest2/build/spi_flash/libspi_flash.a(flash_mmap.o)
                                        0x11c (size before relaxing)
 .iram1.literal
                0x000000004008082c       0x2c /Users/linbma/esp/quest2/build/driver/libdriver.a(rmt.o)
                                         0x70 (size before relaxing)
 .literal.pxPortInitialiseStack
                0x0000000040080858       0x10 /Users/linbma/esp/quest2/build/freertos/libfreertos.a(port.o)
                                         0x18 (size before relaxing)
 .literal.xPortStartScheduler
                0x0000000040080868        0x0 /Users/linbma/esp/quest2/build/freertos/libfreertos.a(port.o)
                                         0x14 (size before relaxing)
 .literal.xPortSysTickHandler
                0x0000000040080868        0x0 /Users/linbma/esp/quest2/build/freertos/libfreertos.a(port.o)
                                          0x8 (size before relaxing)
 .literal.vPortYieldOtherCore
                0x0000000040080868        0x0 /Users/linbma/esp/quest2/build/freertos/libfreertos.a(port.o)
                                          0x4 (size before relaxing)
 .literal.vPortReleaseTaskMPUSettings
                0x0000000040080868        0x0 /Users/linbma/esp/quest2/build/freertos/libfreertos.a(port.o)
                                          0x4 (size before relaxing)
 .literal.xPortInIsrContext
                0x0000000040080868        0x0 /Users/linbma/esp/quest2/build/freertos/libfreertos.a(port.o)
                                          0x8 (size before relaxing)
 .literal.vPortCPUInitializeMutex
                0x0000000040080868        0x4 /Users/linbma/esp/quest2/build/freertos/libfreertos.a(port.o)
 .literal.vPortCPUAcquireMutex
                0x000000004008086c       0x1c /Users/linbma/esp/quest2/build/freertos/libfreertos.a(port.o)
                                         0x30 (size before relaxing)
 .literal.vPortCPUReleaseMutex
                0x0000000040080888        0xc /Users/linbma/esp/quest2/build/freertos/libfreertos.a(port.o)
                                         0x20 (size before relaxing)
 .literal.prvIsQueueFull
                0x0000000040080894        0x0 /Users/linbma/esp/quest2/build/freertos/libfreertos.a(queue.o)
                                          0x8 (size before relaxing)
 .literal.prvCopyDataToQueue
                0x0000000040080894        0x0 /Users/linbma/esp/quest2/build/freertos/libfreertos.a(queue.o)
                                          0xc (size before relaxing)
 .literal.prvNotifyQueueSetContainer
                0x0000000040080894       0x14 /Users/linbma/esp/quest2/build/freertos/libfreertos.a(queue.o)
                                         0x34 (size before relaxing)
 .literal.prvCopyDataFromQueue
                0x00000000400808a8        0x0 /Users/linbma/esp/quest2/build/freertos/libfreertos.a(queue.o)
                                          0x4 (size before relaxing)
 .literal.xQueueGenericReset
                0x00000000400808a8        0x4 /Users/linbma/esp/quest2/build/freertos/libfreertos.a(queue.o)
                                         0x30 (size before relaxing)
 .literal.prvInitialiseNewQueue
                0x00000000400808ac        0x0 /Users/linbma/esp/quest2/build/freertos/libfreertos.a(queue.o)
                                          0x4 (size before relaxing)
 .literal.xQueueGenericCreate
                0x00000000400808ac        0x4 /Users/linbma/esp/quest2/build/freertos/libfreertos.a(queue.o)
                                         0x1c (size before relaxing)
 .literal.xQueueGetMutexHolder
                0x00000000400808b0        0x0 /Users/linbma/esp/quest2/build/freertos/libfreertos.a(queue.o)
                                          0x8 (size before relaxing)
 .literal.xQueueCreateCountingSemaphore
                0x00000000400808b0        0x4 /Users/linbma/esp/quest2/build/freertos/libfreertos.a(queue.o)
                                         0x28 (size before relaxing)
 .literal.xQueueGenericSend
                0x00000000400808b4        0x4 /Users/linbma/esp/quest2/build/freertos/libfreertos.a(queue.o)
                                         0x7c (size before relaxing)
 .literal.prvInitialiseMutex
                0x00000000400808b8        0x0 /Users/linbma/esp/quest2/build/freertos/libfreertos.a(queue.o)
                                          0x8 (size before relaxing)
 .literal.xQueueCreateMutex
                0x00000000400808b8        0x0 /Users/linbma/esp/quest2/build/freertos/libfreertos.a(queue.o)
                                          0x8 (size before relaxing)
 .literal.xQueueGiveMutexRecursive
                0x00000000400808b8        0x4 /Users/linbma/esp/quest2/build/freertos/libfreertos.a(queue.o)
                                         0x1c (size before relaxing)
 .literal.xQueueGenericSendFromISR
                0x00000000400808bc        0x4 /Users/linbma/esp/quest2/build/freertos/libfreertos.a(queue.o)
                                         0x3c (size before relaxing)
 .literal.xQueueGiveFromISR
                0x00000000400808c0        0x4 /Users/linbma/esp/quest2/build/freertos/libfreertos.a(queue.o)
                                         0x30 (size before relaxing)
 .literal.xQueueGenericReceive
                0x00000000400808c4        0x4 /Users/linbma/esp/quest2/build/freertos/libfreertos.a(queue.o)
                                         0x78 (size before relaxing)
 .literal.xQueueTakeMutexRecursive
                0x00000000400808c8        0x4 /Users/linbma/esp/quest2/build/freertos/libfreertos.a(queue.o)
                                         0x1c (size before relaxing)
 .literal.xQueueReceiveFromISR
                0x00000000400808cc        0x4 /Users/linbma/esp/quest2/build/freertos/libfreertos.a(queue.o)
                                         0x30 (size before relaxing)
 .literal.uxQueueSpacesAvailable
                0x00000000400808d0        0x4 /Users/linbma/esp/quest2/build/freertos/libfreertos.a(queue.o)
                                         0x1c (size before relaxing)
 .literal.vQueueDelete
                0x00000000400808d4        0x4 /Users/linbma/esp/quest2/build/freertos/libfreertos.a(queue.o)
                                         0x18 (size before relaxing)
 .literal.vQueueWaitForMessageRestricted
                0x00000000400808d8        0x0 /Users/linbma/esp/quest2/build/freertos/libfreertos.a(queue.o)
                                          0xc (size before relaxing)
 .literal.prvResetNextTaskUnblockTime
                0x00000000400808d8        0x8 /Users/linbma/esp/quest2/build/freertos/libfreertos.a(tasks.o)
 .literal.prvDeleteTLS
                0x00000000400808e0       0x10 /Users/linbma/esp/quest2/build/freertos/libfreertos.a(tasks.o)
                                         0x18 (size before relaxing)
 .literal.prvInitialiseNewTask
                0x00000000400808f0        0x0 /Users/linbma/esp/quest2/build/freertos/libfreertos.a(tasks.o)
                                         0x18 (size before relaxing)
 .literal.prvInitialiseTaskLists
                0x00000000400808f0       0x20 /Users/linbma/esp/quest2/build/freertos/libfreertos.a(tasks.o)
                                         0x40 (size before relaxing)
 .literal.prvDeleteTCB
                0x0000000040080910        0x8 /Users/linbma/esp/quest2/build/freertos/libfreertos.a(tasks.o)
                                         0x2c (size before relaxing)
 .literal.prvAddCurrentTaskToDelayedList
                0x0000000040080918        0x4 /Users/linbma/esp/quest2/build/freertos/libfreertos.a(tasks.o)
                                         0x1c (size before relaxing)
 .literal.taskYIELD_OTHER_CORE
                0x000000004008091c        0x0 /Users/linbma/esp/quest2/build/freertos/libfreertos.a(tasks.o)
                                         0x10 (size before relaxing)
 .literal.vTaskSuspendAll
                0x000000004008091c        0x4 /Users/linbma/esp/quest2/build/freertos/libfreertos.a(tasks.o)
                                          0x8 (size before relaxing)
 .literal.xTaskGetIdleTaskHandleForCPU
                0x0000000040080920        0xc /Users/linbma/esp/quest2/build/freertos/libfreertos.a(tasks.o)
                                         0x1c (size before relaxing)
 .literal.vTaskSwitchContext
                0x000000004008092c       0x18 /Users/linbma/esp/quest2/build/freertos/libfreertos.a(tasks.o)
                                         0x3c (size before relaxing)
 .literal.vTaskSetTimeOutState
                0x0000000040080944        0xc /Users/linbma/esp/quest2/build/freertos/libfreertos.a(tasks.o)
                                         0x20 (size before relaxing)
 .literal.xTaskGetCurrentTaskHandle
                0x0000000040080950        0x0 /Users/linbma/esp/quest2/build/freertos/libfreertos.a(tasks.o)
                                          0x8 (size before relaxing)
 .literal.__getreent
                0x0000000040080950        0x0 /Users/linbma/esp/quest2/build/freertos/libfreertos.a(tasks.o)
                                          0x8 (size before relaxing)
 .literal.pcTaskGetTaskName
                0x0000000040080950        0x8 /Users/linbma/esp/quest2/build/freertos/libfreertos.a(tasks.o)
                                         0x1c (size before relaxing)
 .literal.xTaskGetAffinity
                0x0000000040080958        0x0 /Users/linbma/esp/quest2/build/freertos/libfreertos.a(tasks.o)
                                          0x4 (size before relaxing)
 .literal.xTaskGetCurrentTaskHandleForCPU
                0x0000000040080958        0x0 /Users/linbma/esp/quest2/build/freertos/libfreertos.a(tasks.o)
                                          0x4 (size before relaxing)
 .literal.xTaskGetSchedulerState
                0x0000000040080958        0x4 /Users/linbma/esp/quest2/build/freertos/libfreertos.a(tasks.o)
                                          0xc (size before relaxing)
 .literal.vTaskEnterCritical
                0x000000004008095c       0x14 /Users/linbma/esp/quest2/build/freertos/libfreertos.a(tasks.o)
                                         0x34 (size before relaxing)
 .literal.vTaskExitCritical
                0x0000000040080970        0xc /Users/linbma/esp/quest2/build/freertos/libfreertos.a(tasks.o)
                                         0x28 (size before relaxing)
 .literal.prvAddNewTaskToReadyList
                0x000000004008097c       0x10 /Users/linbma/esp/quest2/build/freertos/libfreertos.a(tasks.o)
                                         0x58 (size before relaxing)
 .literal.xTaskCreatePinnedToCore
                0x000000004008098c        0x0 /Users/linbma/esp/quest2/build/freertos/libfreertos.a(tasks.o)
                                         0x18 (size before relaxing)
 .literal.vTaskStartScheduler
                0x000000004008098c       0x10 /Users/linbma/esp/quest2/build/freertos/libfreertos.a(tasks.o)
                                         0x3c (size before relaxing)
 .literal.vTaskDelete
                0x000000004008099c        0x8 /Users/linbma/esp/quest2/build/freertos/libfreertos.a(tasks.o)
                                         0x60 (size before relaxing)
 .literal.vTaskDelay
                0x00000000400809a4        0x4 /Users/linbma/esp/quest2/build/freertos/libfreertos.a(tasks.o)
                                         0x38 (size before relaxing)
 .literal.uxTaskPriorityGet
                0x00000000400809a8        0x0 /Users/linbma/esp/quest2/build/freertos/libfreertos.a(tasks.o)
                                         0x10 (size before relaxing)
 .literal.vTaskPrioritySet
                0x00000000400809a8        0x4 /Users/linbma/esp/quest2/build/freertos/libfreertos.a(tasks.o)
                                         0x44 (size before relaxing)
 .literal.prvCheckTasksWaitingTermination
                0x00000000400809ac        0x8 /Users/linbma/esp/quest2/build/freertos/libfreertos.a(tasks.o)
                                         0x30 (size before relaxing)
 .literal.prvIdleTask
                0x00000000400809b4        0x0 /Users/linbma/esp/quest2/build/freertos/libfreertos.a(tasks.o)
                                          0xc (size before relaxing)
 .literal.xTaskGetTickCount
                0x00000000400809b4        0x4 /Users/linbma/esp/quest2/build/freertos/libfreertos.a(tasks.o)
                                         0x10 (size before relaxing)
 .literal.xTaskIncrementTick
                0x00000000400809b8        0xc /Users/linbma/esp/quest2/build/freertos/libfreertos.a(tasks.o)
                                         0x78 (size before relaxing)
 .literal.xTaskResumeAll
                0x00000000400809c4        0x8 /Users/linbma/esp/quest2/build/freertos/libfreertos.a(tasks.o)
                                         0x5c (size before relaxing)
 .literal.vTaskPlaceOnEventList
                0x00000000400809cc        0x8 /Users/linbma/esp/quest2/build/freertos/libfreertos.a(tasks.o)
                                         0x40 (size before relaxing)
 .literal.vTaskPlaceOnEventListRestricted
                0x00000000400809d4        0x8 /Users/linbma/esp/quest2/build/freertos/libfreertos.a(tasks.o)
                                         0x38 (size before relaxing)
 .literal.xTaskRemoveFromEventList
                0x00000000400809dc        0x8 /Users/linbma/esp/quest2/build/freertos/libfreertos.a(tasks.o)
                                         0x58 (size before relaxing)
 .literal.xTaskCheckForTimeOut
                0x00000000400809e4        0xc /Users/linbma/esp/quest2/build/freertos/libfreertos.a(tasks.o)
                                         0x3c (size before relaxing)
 .literal.vTaskPriorityInherit
                0x00000000400809f0        0x0 /Users/linbma/esp/quest2/build/freertos/libfreertos.a(tasks.o)
                                         0x2c (size before relaxing)
 .literal.xTaskPriorityDisinherit
                0x00000000400809f0        0x8 /Users/linbma/esp/quest2/build/freertos/libfreertos.a(tasks.o)
                                         0x40 (size before relaxing)
 .literal.pvTaskIncrementMutexHeldCount
                0x00000000400809f8        0x0 /Users/linbma/esp/quest2/build/freertos/libfreertos.a(tasks.o)
                                         0x10 (size before relaxing)
 .literal.prvGetNextExpireTime
                0x00000000400809f8        0x4 /Users/linbma/esp/quest2/build/freertos/libfreertos.a(timers.o)
 .literal.prvInsertTimerInActiveList
                0x00000000400809fc        0x4 /Users/linbma/esp/quest2/build/freertos/libfreertos.a(timers.o)
                                         0x10 (size before relaxing)
 .literal.prvCheckForValidListAndQueue
                0x0000000040080a00       0x1c /Users/linbma/esp/quest2/build/freertos/libfreertos.a(timers.o)
                                         0x44 (size before relaxing)
 .literal.xTimerCreateTimerTask
                0x0000000040080a1c        0xc /Users/linbma/esp/quest2/build/freertos/libfreertos.a(timers.o)
                                         0x2c (size before relaxing)
 .literal.xTimerGenericCommand
                0x0000000040080a28        0x0 /Users/linbma/esp/quest2/build/freertos/libfreertos.a(timers.o)
                                         0x14 (size before relaxing)
 .literal.prvSwitchTimerLists
                0x0000000040080a28        0x4 /Users/linbma/esp/quest2/build/freertos/libfreertos.a(timers.o)
                                         0x28 (size before relaxing)
 .literal.prvSampleTimeNow
                0x0000000040080a2c        0x4 /Users/linbma/esp/quest2/build/freertos/libfreertos.a(timers.o)
                                          0xc (size before relaxing)
 .literal.prvProcessExpiredTimer
                0x0000000040080a30        0x4 /Users/linbma/esp/quest2/build/freertos/libfreertos.a(timers.o)
                                         0x24 (size before relaxing)
 .literal.prvProcessTimerOrBlockTask
                0x0000000040080a34        0x0 /Users/linbma/esp/quest2/build/freertos/libfreertos.a(timers.o)
                                         0x24 (size before relaxing)
 .literal.prvProcessReceivedCommands
                0x0000000040080a34        0x8 /Users/linbma/esp/quest2/build/freertos/libfreertos.a(timers.o)
                                         0x40 (size before relaxing)
 .literal.prvTimerTask
                0x0000000040080a3c        0x0 /Users/linbma/esp/quest2/build/freertos/libfreertos.a(timers.o)
                                          0xc (size before relaxing)
 .literal._xt_tick_divisor_init
                0x0000000040080a3c        0x8 /Users/linbma/esp/quest2/build/freertos/libfreertos.a(xtensa_init.o)
                                          0xc (size before relaxing)
 .literal.xt_unhandled_interrupt
                0x0000000040080a44        0x4 /Users/linbma/esp/quest2/build/freertos/libfreertos.a(xtensa_intr.o)
                                          0x8 (size before relaxing)
 .literal.xt_set_interrupt_handler
                0x0000000040080a48        0x8 /Users/linbma/esp/quest2/build/freertos/libfreertos.a(xtensa_intr.o)
                                          0xc (size before relaxing)
 .literal       0x0000000040080a50        0xc /Users/linbma/esp/quest2/build/freertos/libfreertos.a(portasm.o)
                                         0x54 (size before relaxing)
 .literal       0x0000000040080a5c        0x0 /Users/linbma/esp/quest2/build/freertos/libfreertos.a(xtensa_context.o)
                                         0x10 (size before relaxing)
 .literal.prvReturnItemByteBuf
                0x0000000040080a5c        0xc /Users/linbma/esp/quest2/build/freertos/libfreertos.a(ringbuf.o)
                                         0x1c (size before relaxing)
 .literal.prvGetItemByteBuf
                0x0000000040080a68        0x4 /Users/linbma/esp/quest2/build/freertos/libfreertos.a(ringbuf.o)
                                         0x24 (size before relaxing)
 .literal.prvCheckItemFitsByteBuffer
                0x0000000040080a6c        0x4 /Users/linbma/esp/quest2/build/freertos/libfreertos.a(ringbuf.o)
                                         0x14 (size before relaxing)
 .literal.prvReturnItemDefault
                0x0000000040080a70        0x4 /Users/linbma/esp/quest2/build/freertos/libfreertos.a(ringbuf.o)
                                         0x44 (size before relaxing)
 .literal.prvGetItemDefault
                0x0000000040080a74        0x4 /Users/linbma/esp/quest2/build/freertos/libfreertos.a(ringbuf.o)
                                         0x4c (size before relaxing)
 .literal.prvCheckItemFitsDefault
                0x0000000040080a78        0x4 /Users/linbma/esp/quest2/build/freertos/libfreertos.a(ringbuf.o)
                                         0x1c (size before relaxing)
 .literal.prvGetFreeSize
                0x0000000040080a7c        0x4 /Users/linbma/esp/quest2/build/freertos/libfreertos.a(ringbuf.o)
                                         0x14 (size before relaxing)
 .literal.prvCopyItemByteBuf
                0x0000000040080a80        0x4 /Users/linbma/esp/quest2/build/freertos/libfreertos.a(ringbuf.o)
                                         0x1c (size before relaxing)
 .literal.prvCopyItemAllowSplit
                0x0000000040080a84        0x4 /Users/linbma/esp/quest2/build/freertos/libfreertos.a(ringbuf.o)
                                         0x2c (size before relaxing)
 .literal.prvCopyItemNoSplit
                0x0000000040080a88        0x4 /Users/linbma/esp/quest2/build/freertos/libfreertos.a(ringbuf.o)
                                         0x28 (size before relaxing)
 .literal.prvReceiveGeneric
                0x0000000040080a8c        0x4 /Users/linbma/esp/quest2/build/freertos/libfreertos.a(ringbuf.o)
                                         0x3c (size before relaxing)
 .literal.prvReceiveGenericFromISR
                0x0000000040080a90        0x4 /Users/linbma/esp/quest2/build/freertos/libfreertos.a(ringbuf.o)
                                         0x2c (size before relaxing)
 .literal.xRingbufferCreate
                0x0000000040080a94       0x38 /Users/linbma/esp/quest2/build/freertos/libfreertos.a(ringbuf.o)
                                         0x6c (size before relaxing)
 .literal.xRingbufferSend
                0x0000000040080acc        0x4 /Users/linbma/esp/quest2/build/freertos/libfreertos.a(ringbuf.o)
                                         0x40 (size before relaxing)
 .literal.xRingbufferSendFromISR
                0x0000000040080ad0        0x4 /Users/linbma/esp/quest2/build/freertos/libfreertos.a(ringbuf.o)
                                         0x30 (size before relaxing)
 .literal.xRingbufferReceive
                0x0000000040080ad4        0x4 /Users/linbma/esp/quest2/build/freertos/libfreertos.a(ringbuf.o)
                                         0x18 (size before relaxing)
 .literal.xRingbufferReceiveFromISR
                0x0000000040080ad8        0x4 /Users/linbma/esp/quest2/build/freertos/libfreertos.a(ringbuf.o)
                                         0x18 (size before relaxing)
 .literal.vRingbufferReturnItem
                0x0000000040080adc        0x4 /Users/linbma/esp/quest2/build/freertos/libfreertos.a(ringbuf.o)
                                         0x28 (size before relaxing)
 .literal.vRingbufferReturnItemFromISR
                0x0000000040080ae0        0x4 /Users/linbma/esp/quest2/build/freertos/libfreertos.a(ringbuf.o)
                                         0x28 (size before relaxing)
 .literal.vRingbufferDelete
                0x0000000040080ae4        0x4 /Users/linbma/esp/quest2/build/freertos/libfreertos.a(ringbuf.o)
                                         0x24 (size before relaxing)
 .literal.get_prev_free_block
                0x0000000040080ae8       0x10 /Users/linbma/esp/quest2/build/heap/libheap.a(multi_heap.o)
                                         0x28 (size before relaxing)
 .literal.split_if_necessary
                0x0000000040080af8       0x10 /Users/linbma/esp/quest2/build/heap/libheap.a(multi_heap.o)
                                         0x50 (size before relaxing)
 .literal.assert_valid_block
                0x0000000040080b08        0x0 /Users/linbma/esp/quest2/build/heap/libheap.a(multi_heap.o)
                                         0x2c (size before relaxing)
 .literal.merge_adjacent
                0x0000000040080b08        0x8 /Users/linbma/esp/quest2/build/heap/libheap.a(multi_heap.o)
                                         0x4c (size before relaxing)
 .literal.multi_heap_get_allocated_size_impl
                0x0000000040080b10        0x0 /Users/linbma/esp/quest2/build/heap/libheap.a(multi_heap.o)
                                         0x10 (size before relaxing)
 .literal.multi_heap_malloc_impl
                0x0000000040080b10        0x0 /Users/linbma/esp/quest2/build/heap/libheap.a(multi_heap.o)
                                         0x28 (size before relaxing)
 .literal.multi_heap_free_impl
                0x0000000040080b10        0x0 /Users/linbma/esp/quest2/build/heap/libheap.a(multi_heap.o)
                                         0x50 (size before relaxing)
 .literal.multi_heap_realloc_impl
                0x0000000040080b10        0x8 /Users/linbma/esp/quest2/build/heap/libheap.a(multi_heap.o)
                                         0x68 (size before relaxing)
 .literal.panicPutChar
                0x0000000040080b18        0x8 /Users/linbma/esp/quest2/build/esp32/libesp32.a(panic.o)
 .literal.panicPutStr
                0x0000000040080b20        0x0 /Users/linbma/esp/quest2/build/esp32/libesp32.a(panic.o)
                                          0x4 (size before relaxing)
 .literal.panicPutHex
                0x0000000040080b20        0x0 /Users/linbma/esp/quest2/build/esp32/libesp32.a(panic.o)
                                          0x8 (size before relaxing)
 .literal.panicPutDec
                0x0000000040080b20        0x4 /Users/linbma/esp/quest2/build/esp32/libesp32.a(panic.o)
                                         0x10 (size before relaxing)
 .literal.reconfigureAllWdts
                0x0000000040080b24       0x10 /Users/linbma/esp/quest2/build/esp32/libesp32.a(panic.o)
                                         0x24 (size before relaxing)
 .literal.putEntry
                0x0000000040080b34       0x10 /Users/linbma/esp/quest2/build/esp32/libesp32.a(panic.o)
                                         0x20 (size before relaxing)
 .literal.doBacktrace
                0x0000000040080b44       0x10 /Users/linbma/esp/quest2/build/esp32/libesp32.a(panic.o)
                                         0x24 (size before relaxing)
 .literal.invoke_abort
                0x0000000040080b54        0x4 /Users/linbma/esp/quest2/build/esp32/libesp32.a(panic.o)
                                          0x8 (size before relaxing)
 .literal.haltOtherCore
                0x0000000040080b58        0x0 /Users/linbma/esp/quest2/build/esp32/libesp32.a(panic.o)
                                          0x4 (size before relaxing)
 .literal.commonErrorHandler_dump
                0x0000000040080b58       0x30 /Users/linbma/esp/quest2/build/esp32/libesp32.a(panic.o)
                                         0x90 (size before relaxing)
 .literal.esp_panic_dig_reset
                0x0000000040080b88        0x0 /Users/linbma/esp/quest2/build/esp32/libesp32.a(panic.o)
                                         0x14 (size before relaxing)
 .literal.commonErrorHandler
                0x0000000040080b88        0x8 /Users/linbma/esp/quest2/build/esp32/libesp32.a(panic.o)
                                         0x4c (size before relaxing)
 .literal.abort
                0x0000000040080b90        0x8 /Users/linbma/esp/quest2/build/esp32/libesp32.a(panic.o)
                                         0x18 (size before relaxing)
 .literal.vApplicationStackOverflowHook
                0x0000000040080b98        0x8 /Users/linbma/esp/quest2/build/esp32/libesp32.a(panic.o)
                                         0x18 (size before relaxing)
 .literal.panicHandler
                0x0000000040080ba0       0x34 /Users/linbma/esp/quest2/build/esp32/libesp32.a(panic.o)
                                         0xa8 (size before relaxing)
 .literal.xt_unhandled_exception
                0x0000000040080bd4       0x18 /Users/linbma/esp/quest2/build/esp32/libesp32.a(panic.o)
                                         0x64 (size before relaxing)
 .literal._esp_error_check_failed
                0x0000000040080bec       0x14 /Users/linbma/esp/quest2/build/esp32/libesp32.a(panic.o)
                                         0x30 (size before relaxing)
 .literal.rtc_clk_32k_enable_common
                0x0000000040080c00       0x14 /Users/linbma/esp/quest2/build/soc/libsoc.a(rtc_clk.o)
 .literal.rtc_clk_bbpll_disable
                0x0000000040080c14        0xc /Users/linbma/esp/quest2/build/soc/libsoc.a(rtc_clk.o)
                                         0x10 (size before relaxing)
 .literal.rtc_clk_bbpll_enable
                0x0000000040080c20        0x4 /Users/linbma/esp/quest2/build/soc/libsoc.a(rtc_clk.o)
                                          0x8 (size before relaxing)
 .literal.rtc_clk_32k_enable
                0x0000000040080c24        0x4 /Users/linbma/esp/quest2/build/soc/libsoc.a(rtc_clk.o)
                                          0xc (size before relaxing)
 .literal.rtc_clk_32k_enable_external
                0x0000000040080c28        0x0 /Users/linbma/esp/quest2/build/soc/libsoc.a(rtc_clk.o)
                                          0x4 (size before relaxing)
 .literal.rtc_clk_8m_enable
                0x0000000040080c28        0xc /Users/linbma/esp/quest2/build/soc/libsoc.a(rtc_clk.o)
                                         0x10 (size before relaxing)
 .literal.rtc_clk_slow_freq_set
                0x0000000040080c34        0x0 /Users/linbma/esp/quest2/build/soc/libsoc.a(rtc_clk.o)
                                          0xc (size before relaxing)
 .literal.rtc_clk_slow_freq_get
                0x0000000040080c34        0x0 /Users/linbma/esp/quest2/build/soc/libsoc.a(rtc_clk.o)
                                          0x4 (size before relaxing)
 .literal.rtc_clk_slow_freq_get_hz
                0x0000000040080c34        0xc /Users/linbma/esp/quest2/build/soc/libsoc.a(rtc_clk.o)
                                         0x10 (size before relaxing)
 .literal.rtc_clk_fast_freq_set
                0x0000000040080c40        0x4 /Users/linbma/esp/quest2/build/soc/libsoc.a(rtc_clk.o)
                                          0xc (size before relaxing)
 .literal.rtc_clk_bbpll_configure
                0x0000000040080c44       0x10 /Users/linbma/esp/quest2/build/soc/libsoc.a(rtc_clk.o)
                                         0x3c (size before relaxing)
 .literal.rtc_clk_xtal_freq_get
                0x0000000040080c54        0x8 /Users/linbma/esp/quest2/build/soc/libsoc.a(rtc_clk.o)
 .literal.rtc_clk_cpu_freq_mhz_to_config
                0x0000000040080c5c        0x0 /Users/linbma/esp/quest2/build/soc/libsoc.a(rtc_clk.o)
                                          0x4 (size before relaxing)
 .literal.rtc_clk_cpu_freq_get_config
                0x0000000040080c5c       0x14 /Users/linbma/esp/quest2/build/soc/libsoc.a(rtc_clk.o)
                                         0x28 (size before relaxing)
 .literal.rtc_clk_apb_freq_update
                0x0000000040080c70        0x4 /Users/linbma/esp/quest2/build/soc/libsoc.a(rtc_clk.o)
 .literal.rtc_clk_cpu_freq_to_xtal
                0x0000000040080c74        0xc /Users/linbma/esp/quest2/build/soc/libsoc.a(rtc_clk.o)
                                         0x34 (size before relaxing)
 .literal.rtc_clk_cpu_freq_set_xtal
                0x0000000040080c80        0x0 /Users/linbma/esp/quest2/build/soc/libsoc.a(rtc_clk.o)
                                         0x10 (size before relaxing)
 .literal.rtc_clk_cpu_freq_to_pll_mhz
                0x0000000040080c80       0x10 /Users/linbma/esp/quest2/build/soc/libsoc.a(rtc_clk.o)
                                         0x38 (size before relaxing)
 .literal.rtc_clk_cpu_freq_to_8m
                0x0000000040080c90        0x4 /Users/linbma/esp/quest2/build/soc/libsoc.a(rtc_clk.o)
                                         0x2c (size before relaxing)
 .literal.rtc_clk_cpu_freq_set_config
                0x0000000040080c94        0x0 /Users/linbma/esp/quest2/build/soc/libsoc.a(rtc_clk.o)
                                         0x30 (size before relaxing)
 .literal.rtc_clk_apb_freq_get
                0x0000000040080c94        0x4 /Users/linbma/esp/quest2/build/soc/libsoc.a(rtc_clk.o)
                                         0x10 (size before relaxing)
 .literal.rtc_init
                0x0000000040080c98       0x78 /Users/linbma/esp/quest2/build/soc/libsoc.a(rtc_init.o)
                                         0xdc (size before relaxing)
 .literal.rtc_clk_cal_internal
                0x0000000040080d10       0x28 /Users/linbma/esp/quest2/build/soc/libsoc.a(rtc_time.o)
                                         0x64 (size before relaxing)
 .literal.rtc_clk_cal
                0x0000000040080d38        0x0 /Users/linbma/esp/quest2/build/soc/libsoc.a(rtc_time.o)
                                          0xc (size before relaxing)
 .literal.rtc_time_get
                0x0000000040080d38       0x10 /Users/linbma/esp/quest2/build/soc/libsoc.a(rtc_time.o)
                                         0x18 (size before relaxing)
 .literal.rtc_clk_wait_for_slow_cycle
                0x0000000040080d48        0x8 /Users/linbma/esp/quest2/build/soc/libsoc.a(rtc_time.o)
                                         0x20 (size before relaxing)
 .literal.rtc_wdt_get_protect_status
                0x0000000040080d50        0x8 /Users/linbma/esp/quest2/build/soc/libsoc.a(rtc_wdt.o)
 .literal.rtc_wdt_protect_off
                0x0000000040080d58        0x0 /Users/linbma/esp/quest2/build/soc/libsoc.a(rtc_wdt.o)
                                          0x8 (size before relaxing)
 .literal.rtc_wdt_protect_on
                0x0000000040080d58        0x0 /Users/linbma/esp/quest2/build/soc/libsoc.a(rtc_wdt.o)
                                          0x4 (size before relaxing)
 .literal.rtc_wdt_enable
                0x0000000040080d58        0xc /Users/linbma/esp/quest2/build/soc/libsoc.a(rtc_wdt.o)
                                         0x10 (size before relaxing)
 .literal.rtc_wdt_feed
                0x0000000040080d64        0x0 /Users/linbma/esp/quest2/build/soc/libsoc.a(rtc_wdt.o)
                                         0x14 (size before relaxing)
 .literal.rtc_wdt_set_time
                0x0000000040080d64       0x14 /Users/linbma/esp/quest2/build/soc/libsoc.a(rtc_wdt.o)
                                         0x20 (size before relaxing)
 .literal.rtc_wdt_set_stage
                0x0000000040080d78        0x8 /Users/linbma/esp/quest2/build/soc/libsoc.a(rtc_wdt.o)
                                         0x14 (size before relaxing)
 .literal.rtc_wdt_disable
                0x0000000040080d80        0x0 /Users/linbma/esp/quest2/build/soc/libsoc.a(rtc_wdt.o)
                                         0x2c (size before relaxing)
 .literal.rtc_wdt_set_length_of_reset_signal
                0x0000000040080d80        0x4 /Users/linbma/esp/quest2/build/soc/libsoc.a(rtc_wdt.o)
                                          0xc (size before relaxing)
 .literal.rtc_wdt_is_on
                0x0000000040080d84        0x0 /Users/linbma/esp/quest2/build/soc/libsoc.a(rtc_wdt.o)
                                          0x4 (size before relaxing)
 .literal       0x0000000040080d84        0x0 /Users/linbma/esp/esp-idf/components/esp32/libhal.a(windowspill_asm.o)
                                          0x4 (size before relaxing)
 .literal.esp_rom_spiflash_read_status
                0x0000000040080d84       0x10 /Users/linbma/esp/quest2/build/spi_flash/libspi_flash.a(spi_flash_rom_patch.o)
                                         0x14 (size before relaxing)
 .literal.esp_rom_spiflash_wait_idle
                0x0000000040080d94        0x8 /Users/linbma/esp/quest2/build/spi_flash/libspi_flash.a(spi_flash_rom_patch.o)
                                          0xc (size before relaxing)
 .literal.esp_rom_spiflash_erase_block_internal
                0x0000000040080d9c        0x4 /Users/linbma/esp/quest2/build/spi_flash/libspi_flash.a(spi_flash_rom_patch.o)
                                         0x18 (size before relaxing)
 .literal.esp_rom_spiflash_erase_sector_internal
                0x0000000040080da0        0x0 /Users/linbma/esp/quest2/build/spi_flash/libspi_flash.a(spi_flash_rom_patch.o)
                                         0x18 (size before relaxing)
 .literal.esp_rom_spiflash_read_data
                0x0000000040080da0       0x18 /Users/linbma/esp/quest2/build/spi_flash/libspi_flash.a(spi_flash_rom_patch.o)
                                         0x34 (size before relaxing)
 .literal.esp_rom_spiflash_enable_write
                0x0000000040080db8        0x0 /Users/linbma/esp/quest2/build/spi_flash/libspi_flash.a(spi_flash_rom_patch.o)
                                         0x10 (size before relaxing)
 .literal.esp_rom_spiflash_program_page_internal
                0x0000000040080db8       0x10 /Users/linbma/esp/quest2/build/spi_flash/libspi_flash.a(spi_flash_rom_patch.o)
                                         0x40 (size before relaxing)
 .literal.esp_rom_spiflash_read_statushigh
                0x0000000040080dc8        0x4 /Users/linbma/esp/quest2/build/spi_flash/libspi_flash.a(spi_flash_rom_patch.o)
                                          0xc (size before relaxing)
 .literal.esp_rom_spiflash_write_status
                0x0000000040080dcc        0x4 /Users/linbma/esp/quest2/build/spi_flash/libspi_flash.a(spi_flash_rom_patch.o)
                                         0x14 (size before relaxing)
 .literal.esp_rom_spiflash_unlock
                0x0000000040080dd0        0x8 /Users/linbma/esp/quest2/build/spi_flash/libspi_flash.a(spi_flash_rom_patch.o)
                                         0x28 (size before relaxing)
 .literal.esp_rom_spiflash_erase_block
                0x0000000040080dd8        0xc /Users/linbma/esp/quest2/build/spi_flash/libspi_flash.a(spi_flash_rom_patch.o)
                                         0x20 (size before relaxing)
 .literal.esp_rom_spiflash_erase_sector
                0x0000000040080de4        0x0 /Users/linbma/esp/quest2/build/spi_flash/libspi_flash.a(spi_flash_rom_patch.o)
                                         0x20 (size before relaxing)
 .literal.esp_rom_spiflash_write
                0x0000000040080de4        0x0 /Users/linbma/esp/quest2/build/spi_flash/libspi_flash.a(spi_flash_rom_patch.o)
                                         0x28 (size before relaxing)
 .literal.esp_rom_spiflash_write_encrypted
                0x0000000040080de4        0xc /Users/linbma/esp/quest2/build/spi_flash/libspi_flash.a(spi_flash_rom_patch.o)
                                         0x10 (size before relaxing)
 .literal.esp_rom_spiflash_read
                0x0000000040080df0       0x30 /Users/linbma/esp/quest2/build/spi_flash/libspi_flash.a(spi_flash_rom_patch.o)
                                         0x5c (size before relaxing)
 .literal       0x0000000040080e20       0x10 /Users/linbma/esp/esp-idf/components/newlib/lib/libm.a(lib_a-s_fpclassify.o)
                                         0x18 (size before relaxing)
 .iram1         0x0000000040080e30      0x25a /Users/linbma/esp/quest2/build/esp32/libesp32.a(cpu_start.o)
                                        0x30e (size before relaxing)
                0x0000000040080e30                start_cpu0
                0x0000000040080e30                start_cpu0_default
                0x0000000040080f00                start_cpu1_default
                0x0000000040080f00                start_cpu1
                0x0000000040080f7c                call_start_cpu0
 *fill*         0x000000004008108a        0x2 
 .iram1         0x000000004008108c       0xb0 /Users/linbma/esp/quest2/build/esp32/libesp32.a(crosscore_int.o)
                                         0xc0 (size before relaxing)
                0x0000000040081124                esp_crosscore_int_send_yield
                0x0000000040081130                esp_crosscore_int_send_freq_switch
 .iram1         0x000000004008113c      0x1e3 /Users/linbma/esp/quest2/build/esp32/libesp32.a(dport_access.o)
                                        0x1ef (size before relaxing)
                0x000000004008113c                esp_dport_access_stall_other_cpu_start
                0x00000000400811ec                esp_dport_access_stall_other_cpu_end
                0x0000000040081268                esp_dport_access_stall_other_cpu_start_wrap
                0x0000000040081270                esp_dport_access_stall_other_cpu_end_wrap
                0x0000000040081278                esp_dport_access_int_pause
                0x000000004008129c                esp_dport_access_int_abort
                0x00000000400812b0                esp_dport_access_int_resume
                0x00000000400812d4                esp_dport_access_reg_read
                0x00000000400812ec                esp_dport_access_sequence_reg_read
                0x00000000400812f8                esp_dport_access_read_buffer
 *fill*         0x000000004008131f        0x1 
 .iram1         0x0000000040081320      0x205 /Users/linbma/esp/quest2/build/esp32/libesp32.a(esp_timer.o)
                                        0x219 (size before relaxing)
                0x000000004008143c                esp_timer_stop
                0x0000000040081460                esp_timer_get_next_alarm
                0x0000000040081480                esp_timer_get_time
                0x0000000040081490                esp_timer_start_once
                0x00000000400814d4                esp_timer_start_periodic
 *fill*         0x0000000040081525        0x3 
 .iram1         0x0000000040081528      0x4af /Users/linbma/esp/quest2/build/esp32/libesp32.a(esp_timer_esp32.o)
                                        0x4bb (size before relaxing)
                0x000000004008164c                esp_timer_impl_get_time
                0x00000000400817bc                esp_timer_impl_set_alarm
                0x0000000040081904                esp_timer_impl_update_apb_freq
                0x00000000400819cc                esp_timer_impl_get_min_period_us
 *fill*         0x00000000400819d7        0x1 
 .iram1         0x00000000400819d8       0x53 /Users/linbma/esp/quest2/build/esp32/libesp32.a(int_wdt.o)
 *fill*         0x0000000040081a2b        0x1 
 .iram1         0x0000000040081a2c      0x2b6 /Users/linbma/esp/quest2/build/esp32/libesp32.a(intr_alloc.o)
                                        0x2ce (size before relaxing)
                0x0000000040081a68                esp_intr_set_in_iram
                0x0000000040081af0                esp_intr_enable
                0x0000000040081b78                esp_intr_disable
                0x0000000040081c40                esp_intr_noniram_disable
                0x0000000040081c8c                esp_intr_noniram_enable
                0x0000000040081ccc                ets_isr_unmask
                0x0000000040081cd8                ets_isr_mask
 *fill*         0x0000000040081ce2        0x2 
 .iram1         0x0000000040081ce4       0x7f /Users/linbma/esp/quest2/build/esp32/libesp32.a(ipc.o)
                                         0x8b (size before relaxing)
 *fill*         0x0000000040081d63        0x1 
 .iram1         0x0000000040081d64      0x1f1 /Users/linbma/esp/quest2/build/esp32/libesp32.a(system_api.o)
                                        0x244 (size before relaxing)
                0x0000000040081ddc                esp_restart_noos
                0x0000000040081f34                esp_restart
                0x0000000040081f34                system_restart
 *fill*         0x0000000040081f55        0x3 
 .iram1         0x0000000040081f58       0xda /Users/linbma/esp/quest2/build/esp32/libesp32.a(dport_panic_highint_hdl.o)
                0x0000000040081f58                xt_highint4
                0x0000000040082032                ld_include_panic_highint_hdl
 *fill*         0x0000000040082032        0x2 
 .iram1         0x0000000040082034       0x2c /Users/linbma/esp/quest2/build/esp32/libesp32.a(cache_err_int.o)
                                         0x34 (size before relaxing)
                0x0000000040082034                esp_cache_err_get_cpuid
 .iram1         0x0000000040082060       0x47 /Users/linbma/esp/quest2/build/esp32/libesp32.a(clk.o)
                                         0x4b (size before relaxing)
                0x0000000040082060                esp_clk_cpu_freq
                0x0000000040082070                esp_clk_apb_freq
                0x0000000040082088                esp_clk_xtal_freq
                0x0000000040082098                ets_update_cpu_frequency
 *fill*         0x00000000400820a7        0x1 
 .iram1         0x00000000400820a8       0x27 /Users/linbma/esp/quest2/build/esp32/libesp32.a(freertos_hooks.o)
                0x00000000400820a8                esp_vApplicationTickHook
 *fill*         0x00000000400820cf        0x1 
 .iram1         0x00000000400820d0       0x1a /Users/linbma/esp/quest2/build/freertos/libfreertos.a(port.o)
                0x00000000400820d0                xPortInterruptedFromISRContext
 *fill*         0x00000000400820ea        0x2 
 .iram1         0x00000000400820ec      0x4b4 /Users/linbma/esp/quest2/build/freertos/libfreertos.a(xtensa_vectors.o)
                0x00000000400820ec                _xt_panic
                0x0000000040082204                _xt_user_exit
                0x00000000400824f0                _xt_medint2_exit
                0x000000004008258c                _xt_medint3_exit
 .iram1         0x00000000400825a0      0x3f1 /Users/linbma/esp/quest2/build/heap/libheap.a(heap_caps.o)
                                        0x40d (size before relaxing)
                0x0000000040082630                heap_caps_malloc
                0x00000000400826d0                heap_caps_malloc_default
                0x0000000040082714                heap_caps_malloc_prefer
                0x000000004008276c                heap_caps_free
                0x00000000400827a4                heap_caps_realloc
                0x0000000040082850                heap_caps_realloc_default
                0x00000000400828a8                heap_caps_realloc_prefer
                0x000000004008290c                heap_caps_calloc
                0x000000004008293c                heap_caps_calloc_prefer
 *fill*         0x0000000040082991        0x3 
 .iram1         0x0000000040082994      0x18a /Users/linbma/esp/quest2/build/log/liblog.a(log.o)
                                        0x19a (size before relaxing)
                0x0000000040082994                esp_log_write
                0x0000000040082ac4                esp_log_early_timestamp
                0x0000000040082ae0                esp_log_timestamp
 *fill*         0x0000000040082b1e        0x2 
 .iram1         0x0000000040082b20       0xac /Users/linbma/esp/quest2/build/main/libmain.a(quest2.o)
                0x0000000040082b20                timer_group0_isr
 .iram1         0x0000000040082bcc      0x1cc /Users/linbma/esp/quest2/build/newlib/libnewlib.a(locks.o)
                                        0x210 (size before relaxing)
                0x0000000040082ce4                _lock_init
                0x0000000040082cf4                _lock_init_recursive
                0x0000000040082d04                _lock_close
                0x0000000040082d40                _lock_acquire
                0x0000000040082d50                _lock_acquire_recursive
                0x0000000040082d60                _lock_try_acquire
                0x0000000040082d70                _lock_try_acquire_recursive
                0x0000000040082d80                _lock_release
                0x0000000040082d8c                _lock_release_recursive
 .iram1         0x0000000040082d98       0x3c /Users/linbma/esp/quest2/build/newlib/libnewlib.a(reent_init.o)
                0x0000000040082d98                esp_reent_init
 .iram1         0x0000000040082dd4       0x5a /Users/linbma/esp/quest2/build/newlib/libnewlib.a(syscalls.o)
                                         0x62 (size before relaxing)
                0x0000000040082dd4                _malloc_r
                0x0000000040082de0                _free_r
                0x0000000040082dec                _realloc_r
                0x0000000040082e00                _calloc_r
 *fill*         0x0000000040082e2e        0x2 
 .iram1         0x0000000040082e30       0x70 /Users/linbma/esp/quest2/build/newlib/libnewlib.a(time.o)
                                         0x74 (size before relaxing)
                0x0000000040082e30                _gettimeofday_r
                0x0000000040082e78                _times_r
 .iram1         0x0000000040082ea0      0x11a /Users/linbma/esp/quest2/build/soc/libsoc.a(cpu_util.o)
                0x0000000040082ea0                esp_cpu_stall
                0x0000000040082f34                esp_cpu_unstall
                0x0000000040082f88                esp_cpu_reset
                0x0000000040082fac                esp_cpu_in_ocd_debug_mode
 *fill*         0x0000000040082fba        0x2 
 .iram1         0x0000000040082fbc      0x2f4 /Users/linbma/esp/quest2/build/spi_flash/libspi_flash.a(cache_utils.o)
                                        0x340 (size before relaxing)
                0x0000000040083020                spi_flash_op_block_func
                0x00000000400830cc                spi_flash_disable_interrupts_caches_and_other_cpu
                0x00000000400831ac                spi_flash_enable_interrupts_caches_and_other_cpu
                0x0000000040083244                spi_flash_disable_interrupts_caches_and_other_cpu_no_os
                0x0000000040083270                spi_flash_enable_interrupts_caches_no_os
                0x000000004008328c                spi_flash_cache_enabled
 .iram1         0x00000000400832b0      0x722 /Users/linbma/esp/quest2/build/spi_flash/libspi_flash.a(flash_ops.o)
                                        0x74a (size before relaxing)
                0x0000000040083320                spi_flash_guard_set
                0x000000004008332c                spi_flash_guard_get
                0x0000000040083338                spi_flash_get_chip_size
                0x0000000040083344                spi_flash_erase_range
                0x00000000400833fc                spi_flash_erase_sector
                0x0000000040083420                spi_flash_write
                0x00000000400835e8                spi_flash_read
                0x0000000040083880                spi_flash_read_encrypted
                0x00000000400838c8                spi_flash_write_encrypted
 *fill*         0x00000000400839d2        0x2 
 .iram1         0x00000000400839d4      0x4ce /Users/linbma/esp/quest2/build/spi_flash/libspi_flash.a(flash_mmap.o)
                                        0x502 (size before relaxing)
                0x0000000040083b00                spi_flash_mmap_pages
                0x0000000040083d40                spi_flash_mmap
                0x0000000040083db4                spi_flash_munmap
                0x0000000040083e58                spi_flash_mark_modified_region
 *fill*         0x0000000040083ea2        0x2 
 .iram1         0x0000000040083ea4      0x353 /Users/linbma/esp/quest2/build/driver/libdriver.a(rmt.o)
                                        0x363 (size before relaxing)
 *fill*         0x00000000400841f7        0x1 
 .iram1         0x00000000400841f8       0x20 /Users/linbma/esp/quest2/build/esp32/libesp32.a(dbg_stubs.o)
 *fill*         0x0000000040084218        0x0 
 *fill*         0x0000000040084218        0x0 
 *fill*         0x0000000040084218        0x0 
 *fill*         0x0000000040084218        0x0 
 *fill*         0x0000000040084218        0x0 
 *fill*         0x0000000040084218        0x0 
 *fill*         0x0000000040084218        0x0 
 *fill*         0x0000000040084218        0x0 
 *fill*         0x0000000040084218        0x0 
 *fill*         0x0000000040084218        0x0 
 .iram1         0x0000000040084218       0x2e /Users/linbma/esp/quest2/build/freertos/libfreertos.a(xtensa_vector_defaults.o)
                0x0000000040084218                xt_debugexception
                0x0000000040084238                xt_highint5
                0x0000000040084240                _xt_nmi
                0x0000000040084240                xt_nmi
 *fill*         0x0000000040084246        0x0 
 *fill*         0x0000000040084246        0x0 
 *fill*         0x0000000040084246        0x0 
 *fill*         0x0000000040084246        0x0 
 *fill*         0x0000000040084246        0x0 
 *fill*         0x0000000040084246        0x0 
 *fill*         0x0000000040084246        0x0 
 *libfreertos.a:(.literal .text .literal.* .text.*)
 *fill*         0x0000000040084246        0x2 
 .text.pxPortInitialiseStack
                0x0000000040084248       0x86 /Users/linbma/esp/quest2/build/freertos/libfreertos.a(port.o)
                0x0000000040084248                pxPortInitialiseStack
 *fill*         0x00000000400842ce        0x2 
 .text.xPortStartScheduler
                0x00000000400842d0       0x22 /Users/linbma/esp/quest2/build/freertos/libfreertos.a(port.o)
                                         0x2e (size before relaxing)
                0x00000000400842d0                xPortStartScheduler
 *fill*         0x00000000400842f2        0x2 
 .text.xPortSysTickHandler
                0x00000000400842f4       0x10 /Users/linbma/esp/quest2/build/freertos/libfreertos.a(port.o)
                                         0x16 (size before relaxing)
                0x00000000400842f4                xPortSysTickHandler
 *fill*         0x0000000040084304        0x0 
 .text.vPortYieldOtherCore
                0x0000000040084304        0xa /Users/linbma/esp/quest2/build/freertos/libfreertos.a(port.o)
                                          0xe (size before relaxing)
                0x0000000040084304                vPortYieldOtherCore
 *fill*         0x000000004008430e        0x2 
 .text.vPortReleaseTaskMPUSettings
                0x0000000040084310        0xa /Users/linbma/esp/quest2/build/freertos/libfreertos.a(port.o)
                                          0xe (size before relaxing)
                0x0000000040084310                vPortReleaseTaskMPUSettings
 *fill*         0x000000004008431a        0x2 
 .text.xPortInIsrContext
                0x000000004008431c       0x26 /Users/linbma/esp/quest2/build/freertos/libfreertos.a(port.o)
                0x000000004008431c                xPortInIsrContext
 *fill*         0x0000000040084342        0x2 
 .text.vPortCPUInitializeMutex
                0x0000000040084344        0xe /Users/linbma/esp/quest2/build/freertos/libfreertos.a(port.o)
                0x0000000040084344                vPortCPUInitializeMutex
 *fill*         0x0000000040084352        0x2 
 .text.vPortCPUAcquireMutex
                0x0000000040084354       0x81 /Users/linbma/esp/quest2/build/freertos/libfreertos.a(port.o)
                                         0x88 (size before relaxing)
                0x0000000040084354                vPortCPUAcquireMutex
 *fill*         0x00000000400843d5        0x3 
 .text.vPortCPUReleaseMutex
                0x00000000400843d8       0x4d /Users/linbma/esp/quest2/build/freertos/libfreertos.a(port.o)
                                         0x50 (size before relaxing)
                0x00000000400843d8                vPortCPUReleaseMutex
 *fill*         0x0000000040084425        0x3 
 .text.prvIsQueueFull
                0x0000000040084428       0x2a /Users/linbma/esp/quest2/build/freertos/libfreertos.a(queue.o)
 *fill*         0x0000000040084452        0x2 
 .text.prvCopyDataToQueue
                0x0000000040084454       0x9e /Users/linbma/esp/quest2/build/freertos/libfreertos.a(queue.o)
 *fill*         0x00000000400844f2        0x2 
 .text.prvNotifyQueueSetContainer
                0x00000000400844f4       0x77 /Users/linbma/esp/quest2/build/freertos/libfreertos.a(queue.o)
                                         0x8a (size before relaxing)
 *fill*         0x000000004008456b        0x1 
 .text.prvCopyDataFromQueue
                0x000000004008456c       0x24 /Users/linbma/esp/quest2/build/freertos/libfreertos.a(queue.o)
 .text.xQueueGenericReset
                0x0000000040084590       0x86 /Users/linbma/esp/quest2/build/freertos/libfreertos.a(queue.o)
                                         0x96 (size before relaxing)
                0x0000000040084590                xQueueGenericReset
 *fill*         0x0000000040084616        0x2 
 .text.prvInitialiseNewQueue
                0x0000000040084618       0x1f /Users/linbma/esp/quest2/build/freertos/libfreertos.a(queue.o)
                                         0x23 (size before relaxing)
 *fill*         0x0000000040084637        0x1 
 .text.xQueueGenericCreate
                0x0000000040084638       0x49 /Users/linbma/esp/quest2/build/freertos/libfreertos.a(queue.o)
                                         0x4d (size before relaxing)
                0x0000000040084638                xQueueGenericCreate
 *fill*         0x0000000040084681        0x3 
 .text.xQueueGetMutexHolder
                0x0000000040084684       0x23 /Users/linbma/esp/quest2/build/freertos/libfreertos.a(queue.o)
                0x0000000040084684                xQueueGetMutexHolder
 *fill*         0x00000000400846a7        0x1 
 .text.xQueueCreateCountingSemaphore
                0x00000000400846a8       0x66 /Users/linbma/esp/quest2/build/freertos/libfreertos.a(queue.o)
                                         0x6a (size before relaxing)
                0x00000000400846a8                xQueueCreateCountingSemaphore
 *fill*         0x000000004008470e        0x2 
 .text.xQueueGenericSend
                0x0000000040084710      0x158 /Users/linbma/esp/quest2/build/freertos/libfreertos.a(queue.o)
                                        0x18c (size before relaxing)
                0x0000000040084710                xQueueGenericSend
 .text.prvInitialiseMutex
                0x0000000040084868       0x22 /Users/linbma/esp/quest2/build/freertos/libfreertos.a(queue.o)
                                         0x26 (size before relaxing)
 *fill*         0x000000004008488a        0x2 
 .text.xQueueCreateMutex
                0x000000004008488c       0x16 /Users/linbma/esp/quest2/build/freertos/libfreertos.a(queue.o)
                                         0x1a (size before relaxing)
                0x000000004008488c                xQueueCreateMutex
 *fill*         0x00000000400848a2        0x2 
 .text.xQueueGiveMutexRecursive
                0x00000000400848a4       0x48 /Users/linbma/esp/quest2/build/freertos/libfreertos.a(queue.o)
                                         0x4c (size before relaxing)
                0x00000000400848a4                xQueueGiveMutexRecursive
 .text.xQueueGenericSendFromISR
                0x00000000400848ec       0xd6 /Users/linbma/esp/quest2/build/freertos/libfreertos.a(queue.o)
                                         0xe6 (size before relaxing)
                0x00000000400848ec                xQueueGenericSendFromISR
 *fill*         0x00000000400849c2        0x2 
 .text.xQueueGiveFromISR
                0x00000000400849c4       0xb6 /Users/linbma/esp/quest2/build/freertos/libfreertos.a(queue.o)
                                         0xc2 (size before relaxing)
                0x00000000400849c4                xQueueGiveFromISR
 *fill*         0x0000000040084a7a        0x2 
 .text.xQueueGenericReceive
                0x0000000040084a7c      0x144 /Users/linbma/esp/quest2/build/freertos/libfreertos.a(queue.o)
                                        0x178 (size before relaxing)
                0x0000000040084a7c                xQueueGenericReceive
 .text.xQueueTakeMutexRecursive
                0x0000000040084bc0       0x51 /Users/linbma/esp/quest2/build/freertos/libfreertos.a(queue.o)
                0x0000000040084bc0                xQueueTakeMutexRecursive
 *fill*         0x0000000040084c11        0x3 
 .text.xQueueReceiveFromISR
                0x0000000040084c14       0x96 /Users/linbma/esp/quest2/build/freertos/libfreertos.a(queue.o)
                                         0xa6 (size before relaxing)
                0x0000000040084c14                xQueueReceiveFromISR
 *fill*         0x0000000040084caa        0x2 
 .text.uxQueueSpacesAvailable
                0x0000000040084cac       0x36 /Users/linbma/esp/quest2/build/freertos/libfreertos.a(queue.o)
                                         0x3e (size before relaxing)
                0x0000000040084cac                uxQueueSpacesAvailable
 *fill*         0x0000000040084ce2        0x2 
 .text.vQueueDelete
                0x0000000040084ce4       0x28 /Users/linbma/esp/quest2/build/freertos/libfreertos.a(queue.o)
                0x0000000040084ce4                vQueueDelete
 .text.vQueueWaitForMessageRestricted
                0x0000000040084d0c       0x23 /Users/linbma/esp/quest2/build/freertos/libfreertos.a(queue.o)
                                         0x2a (size before relaxing)
                0x0000000040084d0c                vQueueWaitForMessageRestricted
 *fill*         0x0000000040084d2f        0x1 
 .text.prvResetNextTaskUnblockTime
                0x0000000040084d30       0x34 /Users/linbma/esp/quest2/build/freertos/libfreertos.a(tasks.o)
 .text.prvDeleteTLS
                0x0000000040084d64       0x40 /Users/linbma/esp/quest2/build/freertos/libfreertos.a(tasks.o)
 .text.prvInitialiseNewTask
                0x0000000040084da4       0xc4 /Users/linbma/esp/quest2/build/freertos/libfreertos.a(tasks.o)
                                         0xd0 (size before relaxing)
 .text.prvInitialiseTaskLists
                0x0000000040084e68       0x5a /Users/linbma/esp/quest2/build/freertos/libfreertos.a(tasks.o)
                                         0x6e (size before relaxing)
 *fill*         0x0000000040084ec2        0x2 
 .text.prvDeleteTCB
                0x0000000040084ec4       0x56 /Users/linbma/esp/quest2/build/freertos/libfreertos.a(tasks.o)
                                         0x5d (size before relaxing)
 *fill*         0x0000000040084f1a        0x2 
 .text.prvAddCurrentTaskToDelayedList
                0x0000000040084f1c       0x66 /Users/linbma/esp/quest2/build/freertos/libfreertos.a(tasks.o)
                                         0x6a (size before relaxing)
 *fill*         0x0000000040084f82        0x2 
 .text.taskYIELD_OTHER_CORE
                0x0000000040084f84       0x53 /Users/linbma/esp/quest2/build/freertos/libfreertos.a(tasks.o)
                0x0000000040084f84                taskYIELD_OTHER_CORE
 *fill*         0x0000000040084fd7        0x1 
 .text.vTaskSuspendAll
                0x0000000040084fd8       0x26 /Users/linbma/esp/quest2/build/freertos/libfreertos.a(tasks.o)
                0x0000000040084fd8                vTaskSuspendAll
 *fill*         0x0000000040084ffe        0x2 
 .text.xTaskGetIdleTaskHandleForCPU
                0x0000000040085000       0x2a /Users/linbma/esp/quest2/build/freertos/libfreertos.a(tasks.o)
                                         0x2e (size before relaxing)
                0x0000000040085000                xTaskGetIdleTaskHandleForCPU
 *fill*         0x000000004008502a        0x2 
 .text.vTaskSwitchContext
                0x000000004008502c      0x27e /Users/linbma/esp/quest2/build/freertos/libfreertos.a(tasks.o)
                                        0x28a (size before relaxing)
                0x000000004008502c                vTaskSwitchContext
 *fill*         0x00000000400852aa        0x2 
 .text.vTaskSetTimeOutState
                0x00000000400852ac       0x34 /Users/linbma/esp/quest2/build/freertos/libfreertos.a(tasks.o)
                0x00000000400852ac                vTaskSetTimeOutState
 .text.xTaskGetCurrentTaskHandle
                0x00000000400852e0       0x1f /Users/linbma/esp/quest2/build/freertos/libfreertos.a(tasks.o)
                0x00000000400852e0                xTaskGetCurrentTaskHandle
 *fill*         0x00000000400852ff        0x1 
 .text.__getreent
                0x0000000040085300       0x19 /Users/linbma/esp/quest2/build/freertos/libfreertos.a(tasks.o)
                0x0000000040085300                __getreent
 *fill*         0x0000000040085319        0x3 
 .text.pcTaskGetTaskName
                0x000000004008531c       0x2a /Users/linbma/esp/quest2/build/freertos/libfreertos.a(tasks.o)
                                         0x2d (size before relaxing)
                0x000000004008531c                pcTaskGetTaskName
 *fill*         0x0000000040085346        0x2 
 .text.xTaskGetAffinity
                0x0000000040085348       0x10 /Users/linbma/esp/quest2/build/freertos/libfreertos.a(tasks.o)
                                         0x13 (size before relaxing)
                0x0000000040085348                xTaskGetAffinity
 *fill*         0x0000000040085358        0x0 
 .text.xTaskGetCurrentTaskHandleForCPU
                0x0000000040085358       0x18 /Users/linbma/esp/quest2/build/freertos/libfreertos.a(tasks.o)
                0x0000000040085358                xTaskGetCurrentTaskHandleForCPU
 .text.xTaskGetSchedulerState
                0x0000000040085370       0x37 /Users/linbma/esp/quest2/build/freertos/libfreertos.a(tasks.o)
                0x0000000040085370                xTaskGetSchedulerState
 *fill*         0x00000000400853a7        0x1 
 .text.vTaskEnterCritical
                0x00000000400853a8       0xac /Users/linbma/esp/quest2/build/freertos/libfreertos.a(tasks.o)
                                         0xb3 (size before relaxing)
                0x00000000400853a8                vTaskEnterCritical
 *fill*         0x0000000040085454        0x0 
 .text.vTaskExitCritical
                0x0000000040085454       0x77 /Users/linbma/esp/quest2/build/freertos/libfreertos.a(tasks.o)
                0x0000000040085454                vTaskExitCritical
 *fill*         0x00000000400854cb        0x1 
 .text.prvAddNewTaskToReadyList
                0x00000000400854cc      0x160 /Users/linbma/esp/quest2/build/freertos/libfreertos.a(tasks.o)
                                        0x173 (size before relaxing)
 *fill*         0x000000004008562c        0x0 
 .text.xTaskCreatePinnedToCore
                0x000000004008562c       0x6e /Users/linbma/esp/quest2/build/freertos/libfreertos.a(tasks.o)
                                         0x76 (size before relaxing)
                0x000000004008562c                xTaskCreatePinnedToCore
 *fill*         0x000000004008569a        0x2 
 .text.vTaskStartScheduler
                0x000000004008569c       0x77 /Users/linbma/esp/quest2/build/freertos/libfreertos.a(tasks.o)
                                         0x82 (size before relaxing)
                0x000000004008569c                vTaskStartScheduler
 *fill*         0x0000000040085713        0x1 
 .text.vTaskDelete
                0x0000000040085714      0x10a /Users/linbma/esp/quest2/build/freertos/libfreertos.a(tasks.o)
                                        0x122 (size before relaxing)
                0x0000000040085714                vTaskDelete
 *fill*         0x000000004008581e        0x2 
 .text.vTaskDelay
                0x0000000040085820       0x70 /Users/linbma/esp/quest2/build/freertos/libfreertos.a(tasks.o)
                                         0x80 (size before relaxing)
                0x0000000040085820                vTaskDelay
 .text.uxTaskPriorityGet
                0x0000000040085890       0x1c /Users/linbma/esp/quest2/build/freertos/libfreertos.a(tasks.o)
                                         0x23 (size before relaxing)
                0x0000000040085890                uxTaskPriorityGet
 *fill*         0x00000000400858ac        0x0 
 .text.vTaskPrioritySet
                0x00000000400858ac      0x12d /Users/linbma/esp/quest2/build/freertos/libfreertos.a(tasks.o)
                                        0x143 (size before relaxing)
                0x00000000400858ac                vTaskPrioritySet
 *fill*         0x00000000400859d9        0x3 
 .text.prvCheckTasksWaitingTermination
                0x00000000400859dc       0xbe /Users/linbma/esp/quest2/build/freertos/libfreertos.a(tasks.o)
                                         0xc6 (size before relaxing)
 *fill*         0x0000000040085a9a        0x2 
 .text.prvIdleTask
                0x0000000040085a9c        0xf /Users/linbma/esp/quest2/build/freertos/libfreertos.a(tasks.o)
                                         0x18 (size before relaxing)
 *fill*         0x0000000040085aab        0x1 
 .text.xTaskGetTickCount
                0x0000000040085aac       0x1c /Users/linbma/esp/quest2/build/freertos/libfreertos.a(tasks.o)
                                         0x20 (size before relaxing)
                0x0000000040085aac                xTaskGetTickCount
 .text.xTaskIncrementTick
                0x0000000040085ac8      0x1b2 /Users/linbma/esp/quest2/build/freertos/libfreertos.a(tasks.o)
                                        0x1ce (size before relaxing)
                0x0000000040085ac8                xTaskIncrementTick
 *fill*         0x0000000040085c7a        0x2 
 .text.xTaskResumeAll
                0x0000000040085c7c      0x177 /Users/linbma/esp/quest2/build/freertos/libfreertos.a(tasks.o)
                                        0x186 (size before relaxing)
                0x0000000040085c7c                xTaskResumeAll
 *fill*         0x0000000040085df3        0x1 
 .text.vTaskPlaceOnEventList
                0x0000000040085df4       0x83 /Users/linbma/esp/quest2/build/freertos/libfreertos.a(tasks.o)
                                         0x97 (size before relaxing)
                0x0000000040085df4                vTaskPlaceOnEventList
 *fill*         0x0000000040085e77        0x1 
 .text.vTaskPlaceOnEventListRestricted
                0x0000000040085e78       0x5b /Users/linbma/esp/quest2/build/freertos/libfreertos.a(tasks.o)
                                         0x6f (size before relaxing)
                0x0000000040085e78                vTaskPlaceOnEventListRestricted
 *fill*         0x0000000040085ed3        0x1 
 .text.xTaskRemoveFromEventList
                0x0000000040085ed4      0x134 /Users/linbma/esp/quest2/build/freertos/libfreertos.a(tasks.o)
                                        0x143 (size before relaxing)
                0x0000000040085ed4                xTaskRemoveFromEventList
 *fill*         0x0000000040086008        0x0 
 .text.xTaskCheckForTimeOut
                0x0000000040086008       0x89 /Users/linbma/esp/quest2/build/freertos/libfreertos.a(tasks.o)
                                         0x94 (size before relaxing)
                0x0000000040086008                xTaskCheckForTimeOut
 *fill*         0x0000000040086091        0x3 
 .text.vTaskPriorityInherit
                0x0000000040086094       0xc4 /Users/linbma/esp/quest2/build/freertos/libfreertos.a(tasks.o)
                                         0xdb (size before relaxing)
                0x0000000040086094                vTaskPriorityInherit
 *fill*         0x0000000040086158        0x0 
 .text.xTaskPriorityDisinherit
                0x0000000040086158       0x97 /Users/linbma/esp/quest2/build/freertos/libfreertos.a(tasks.o)
                                         0xaa (size before relaxing)
                0x0000000040086158                xTaskPriorityDisinherit
 *fill*         0x00000000400861ef        0x1 
 .text.pvTaskIncrementMutexHeldCount
                0x00000000400861f0       0x50 /Users/linbma/esp/quest2/build/freertos/libfreertos.a(tasks.o)
                                         0x54 (size before relaxing)
                0x00000000400861f0                pvTaskIncrementMutexHeldCount
 .text.prvGetNextExpireTime
                0x0000000040086240       0x20 /Users/linbma/esp/quest2/build/freertos/libfreertos.a(timers.o)
 .text.prvInsertTimerInActiveList
                0x0000000040086260       0x50 /Users/linbma/esp/quest2/build/freertos/libfreertos.a(timers.o)
                                         0x54 (size before relaxing)
 .text.prvCheckForValidListAndQueue
                0x00000000400862b0       0x66 /Users/linbma/esp/quest2/build/freertos/libfreertos.a(timers.o)
                                         0x7e (size before relaxing)
 *fill*         0x0000000040086316        0x2 
 .text.xTimerCreateTimerTask
                0x0000000040086318       0x48 /Users/linbma/esp/quest2/build/freertos/libfreertos.a(timers.o)
                                         0x4c (size before relaxing)
                0x0000000040086318                xTimerCreateTimerTask
 .text.xTimerGenericCommand
                0x0000000040086360       0x55 /Users/linbma/esp/quest2/build/freertos/libfreertos.a(timers.o)
                                         0x5d (size before relaxing)
                0x0000000040086360                xTimerGenericCommand
 *fill*         0x00000000400863b5        0x3 
 .text.prvSwitchTimerLists
                0x00000000400863b8       0x76 /Users/linbma/esp/quest2/build/freertos/libfreertos.a(timers.o)
                                         0x82 (size before relaxing)
 *fill*         0x000000004008642e        0x2 
 .text.prvSampleTimeNow
                0x0000000040086430       0x2b /Users/linbma/esp/quest2/build/freertos/libfreertos.a(timers.o)
                                         0x2f (size before relaxing)
 *fill*         0x000000004008645b        0x1 
 .text.prvProcessExpiredTimer
                0x000000004008645c       0x53 /Users/linbma/esp/quest2/build/freertos/libfreertos.a(timers.o)
                                         0x5f (size before relaxing)
 *fill*         0x00000000400864af        0x1 
 .text.prvProcessTimerOrBlockTask
                0x00000000400864b0       0x58 /Users/linbma/esp/quest2/build/freertos/libfreertos.a(timers.o)
                                         0x6c (size before relaxing)
 .text.prvProcessReceivedCommands
                0x0000000040086508       0xd6 /Users/linbma/esp/quest2/build/freertos/libfreertos.a(timers.o)
                                         0xe6 (size before relaxing)
 *fill*         0x00000000400865de        0x2 
 .text.prvTimerTask
                0x00000000400865e0       0x15 /Users/linbma/esp/quest2/build/freertos/libfreertos.a(timers.o)
                                         0x1d (size before relaxing)
 *fill*         0x00000000400865f5        0x3 
 .text._xt_tick_divisor_init
                0x00000000400865f8       0x1c /Users/linbma/esp/quest2/build/freertos/libfreertos.a(xtensa_init.o)
                                         0x1f (size before relaxing)
                0x00000000400865f8                _xt_tick_divisor_init
 *fill*         0x0000000040086614        0x0 
 .text.xt_unhandled_interrupt
                0x0000000040086614       0x16 /Users/linbma/esp/quest2/build/freertos/libfreertos.a(xtensa_intr.o)
                0x0000000040086614                xt_unhandled_interrupt
 *fill*         0x000000004008662a        0x2 
 .text.xt_set_interrupt_handler
                0x000000004008662c       0x46 /Users/linbma/esp/quest2/build/freertos/libfreertos.a(xtensa_intr.o)
                0x000000004008662c                xt_set_interrupt_handler
 *fill*         0x0000000040086672        0x2 
 .text          0x0000000040086674      0x1d0 /Users/linbma/esp/quest2/build/freertos/libfreertos.a(portasm.o)
                0x0000000040086674                _frxt_setup_switch
                0x000000004008668c                _frxt_int_enter
                0x00000000400866d4                _frxt_int_exit
                0x0000000040086724                _frxt_timer_int
                0x000000004008674c                _frxt_tick_timer_init
                0x0000000040086764                _frxt_dispatch
                0x00000000400867ac                vPortYield
                0x00000000400867f8                vPortYieldFromInt
                0x0000000040086818                _frxt_task_coproc_state
 .text          0x0000000040086844      0x12b /Users/linbma/esp/quest2/build/freertos/libfreertos.a(xtensa_context.o)
                0x0000000040086844                _xt_context_save
                0x00000000400868ac                _xt_context_restore
                0x00000000400868f0                _xt_coproc_init
                0x0000000040086904                _xt_coproc_release
                0x0000000040086930                _xt_coproc_savecs
                0x0000000040086950                _xt_coproc_restorecs
 *fill*         0x000000004008696f        0x1 
 .text.prvReturnItemByteBuf
                0x0000000040086970       0x4c /Users/linbma/esp/quest2/build/freertos/libfreertos.a(ringbuf.o)
                                         0x4f (size before relaxing)
 *fill*         0x00000000400869bc        0x0 
 .text.prvGetItemByteBuf
                0x00000000400869bc       0xd7 /Users/linbma/esp/quest2/build/freertos/libfreertos.a(ringbuf.o)
                                         0xdb (size before relaxing)
 *fill*         0x0000000040086a93        0x1 
 .text.prvCheckItemFitsByteBuffer
                0x0000000040086a94       0x65 /Users/linbma/esp/quest2/build/freertos/libfreertos.a(ringbuf.o)
 *fill*         0x0000000040086af9        0x3 
 .text.prvReturnItemDefault
                0x0000000040086afc      0x146 /Users/linbma/esp/quest2/build/freertos/libfreertos.a(ringbuf.o)
                                        0x156 (size before relaxing)
 *fill*         0x0000000040086c42        0x2 
 .text.prvGetItemDefault
                0x0000000040086c44      0x146 /Users/linbma/esp/quest2/build/freertos/libfreertos.a(ringbuf.o)
                                        0x152 (size before relaxing)
 *fill*         0x0000000040086d8a        0x2 
 .text.prvCheckItemFitsDefault
                0x0000000040086d8c       0xb1 /Users/linbma/esp/quest2/build/freertos/libfreertos.a(ringbuf.o)
 *fill*         0x0000000040086e3d        0x3 
 .text.prvGetFreeSize
                0x0000000040086e40       0x3c /Users/linbma/esp/quest2/build/freertos/libfreertos.a(ringbuf.o)
                                         0x40 (size before relaxing)
 .text.prvCopyItemByteBuf
                0x0000000040086e7c       0x7b /Users/linbma/esp/quest2/build/freertos/libfreertos.a(ringbuf.o)
 *fill*         0x0000000040086ef7        0x1 
 .text.prvCopyItemAllowSplit
                0x0000000040086ef8       0xef /Users/linbma/esp/quest2/build/freertos/libfreertos.a(ringbuf.o)
                                         0xf3 (size before relaxing)
 *fill*         0x0000000040086fe7        0x1 
 .text.prvCopyItemNoSplit
                0x0000000040086fe8       0xbc /Users/linbma/esp/quest2/build/freertos/libfreertos.a(ringbuf.o)
 .text.prvReceiveGeneric
                0x00000000400870a4      0x128 /Users/linbma/esp/quest2/build/freertos/libfreertos.a(ringbuf.o)
                                        0x13c (size before relaxing)
 .text.prvReceiveGenericFromISR
                0x00000000400871cc       0xd9 /Users/linbma/esp/quest2/build/freertos/libfreertos.a(ringbuf.o)
                                         0xe5 (size before relaxing)
 *fill*         0x00000000400872a5        0x3 
 .text.xRingbufferCreate
                0x00000000400872a8      0x131 /Users/linbma/esp/quest2/build/freertos/libfreertos.a(ringbuf.o)
                                        0x140 (size before relaxing)
                0x00000000400872a8                xRingbufferCreate
 *fill*         0x00000000400873d9        0x3 
 .text.xRingbufferSend
                0x00000000400873dc       0xfd /Users/linbma/esp/quest2/build/freertos/libfreertos.a(ringbuf.o)
                                        0x111 (size before relaxing)
                0x00000000400873dc                xRingbufferSend
 *fill*         0x00000000400874d9        0x3 
 .text.xRingbufferSendFromISR
                0x00000000400874dc       0xb6 /Users/linbma/esp/quest2/build/freertos/libfreertos.a(ringbuf.o)
                                         0xc6 (size before relaxing)
                0x00000000400874dc                xRingbufferSendFromISR
 *fill*         0x0000000040087592        0x2 
 .text.xRingbufferReceive
                0x0000000040087594       0x45 /Users/linbma/esp/quest2/build/freertos/libfreertos.a(ringbuf.o)
                0x0000000040087594                xRingbufferReceive
 *fill*         0x00000000400875d9        0x3 
 .text.xRingbufferReceiveFromISR
                0x00000000400875dc       0x41 /Users/linbma/esp/quest2/build/freertos/libfreertos.a(ringbuf.o)
                0x00000000400875dc                xRingbufferReceiveFromISR
 *fill*         0x000000004008761d        0x3 
 .text.vRingbufferReturnItem
                0x0000000040087620       0x5a /Users/linbma/esp/quest2/build/freertos/libfreertos.a(ringbuf.o)
                                         0x66 (size before relaxing)
                0x0000000040087620                vRingbufferReturnItem
 *fill*         0x000000004008767a        0x2 
 .text.vRingbufferReturnItemFromISR
                0x000000004008767c       0x56 /Users/linbma/esp/quest2/build/freertos/libfreertos.a(ringbuf.o)